361338 mprotect(0xffffa3d4c000, 8192, PROT_READ <unfinished ...>
361339 futex(0xffff81af8f20, FUTEX_WAKE_PRIVATE, 2147483647 <unfinished ...>
361338 <... mprotect resumed>)          = 0
361339 <... futex resumed>)             = 0
361338 mprotect(0xffffa3d7c000, 4096, PROT_READ <unfinished ...>
361339 futex(0xffff81af8f20, FUTEX_WAKE_PRIVATE, 2147483647 <unfinished ...>
361338 <... mprotect resumed>)          = 0
361339 <... futex resumed>)             = 0
361339 futex(0xffff81af8f20, FUTEX_WAKE_PRIVATE, 2147483647) = 0
361338 mprotect(0xffffa3da7000, 4096, PROT_READ <unfinished ...>
361339 futex(0xffff81af8f20, FUTEX_WAKE_PRIVATE, 2147483647 <unfinished ...>
361338 <... mprotect resumed>)          = 0
361339 <... futex resumed>)             = 0
361339 futex(0xffff81af8f20, FUTEX_WAKE_PRIVATE, 2147483647 <unfinished ...>
361338 mprotect(0xffffa3dc6000, 4096, PROT_READ <unfinished ...>
361339 <... futex resumed>)             = 0
361338 <... mprotect resumed>)          = 0
361339 futex(0xffff81af8f20, FUTEX_WAKE_PRIVATE, 2147483647) = 0
361338 mprotect(0xffffa3dfc000, 4096, PROT_READ <unfinished ...>
361339 futex(0xffff81af8f20, FUTEX_WAKE_PRIVATE, 2147483647 <unfinished ...>
361338 <... mprotect resumed>)          = 0
361339 <... futex resumed>)             = 0
361339 futex(0xffff81af8f20, FUTEX_WAKE_PRIVATE, 2147483647) = 0
361338 mprotect(0xffffa3ec5000, 8192, PROT_READ <unfinished ...>
361339 futex(0xffff81af8f20, FUTEX_WAKE_PRIVATE, 2147483647 <unfinished ...>
361338 <... mprotect resumed>)          = 0
361339 <... futex resumed>)             = 0
361338 mprotect(0xffffa3f47000, 8192, PROT_READ <unfinished ...>
361339 futex(0xffff81af8f20, FUTEX_WAKE_PRIVATE, 2147483647 <unfinished ...>
361338 <... mprotect resumed>)          = 0
361339 <... futex resumed>)             = 0
361338 mprotect(0xffffa3f8f000, 4096, PROT_READ <unfinished ...>
361339 futex(0xffff81af8f20, FUTEX_WAKE_PRIVATE, 2147483647 <unfinished ...>
361338 <... mprotect resumed>)          = 0
361339 <... futex resumed>)             = 0
361339 futex(0xffff81af8f20, FUTEX_WAKE_PRIVATE, 2147483647 <unfinished ...>
361338 mprotect(0xffffa3fb5000, 4096, PROT_READ <unfinished ...>
361339 <... futex resumed>)             = 0
361338 <... mprotect resumed>)          = 0
361339 futex(0xffff81af8f20, FUTEX_WAKE_PRIVATE, 2147483647) = 0
361338 mprotect(0xffffa4047000, 4096, PROT_READ <unfinished ...>
361339 futex(0xffff81af8f20, FUTEX_WAKE_PRIVATE, 2147483647 <unfinished ...>
361338 <... mprotect resumed>)          = 0
361339 <... futex resumed>)             = 0
361339 futex(0xffff81af8f20, FUTEX_WAKE_PRIVATE, 2147483647) = 0
361339 futex(0xffff81af8f20, FUTEX_WAKE_PRIVATE, 2147483647) = 0
361339 socket(AF_UNIX, SOCK_STREAM|SOCK_CLOEXEC, 0) = 6
361339 fcntl(6, F_GETFL)                = 0x2 (flags O_RDWR)
361338 mprotect(0xffffa42a4000, 61440, PROT_READ <unfinished ...>
361339 fcntl(6, F_SETFL, O_RDWR|O_NONBLOCK <unfinished ...>
361338 <... mprotect resumed>)          = 0
361339 <... fcntl resumed>)             = 0
361339 futex(0xffff81af8f20, FUTEX_WAKE_PRIVATE, 2147483647 <unfinished ...>
361338 mprotect(0xaaaab79b2000, 4096, PROT_READ <unfinished ...>
361339 <... futex resumed>)             = 0
361338 <... mprotect resumed>)          = 0
361339 futex(0xffff81af8f20, FUTEX_WAKE_PRIVATE, 2147483647 <unfinished ...>
361338 mprotect(0xffffa44c5000, 8192, PROT_READ <unfinished ...>
361339 <... futex resumed>)             = 0
361338 <... mprotect resumed>)          = 0
361339 futex(0xffff81af8f20, FUTEX_WAKE_PRIVATE, 2147483647 <unfinished ...>
361338 prlimit64(0, RLIMIT_STACK, NULL,  <unfinished ...>
361339 <... futex resumed>)             = 0
361338 <... prlimit64 resumed>{rlim_cur=8192*1024, rlim_max=RLIM64_INFINITY}) = 0
361339 connect(6, {sa_family=AF_UNIX, sun_path="/var/run/dbus/system_bus_socket"}, 110 <unfinished ...>
361338 munmap(0xffffa4476000, 85175 <unfinished ...>
361339 <... connect resumed>)           = 0
361338 <... munmap resumed>)            = 0
361339 futex(0xffff81af8f20, FUTEX_WAKE_PRIVATE, 2147483647 <unfinished ...>
361338 getrandom( <unfinished ...>
361339 <... futex resumed>)             = 0
361338 <... getrandom resumed>"\xd1\xaf\x4c\x2c\xf6\xaa\x6f\x88", 8, GRND_NONBLOCK) = 8
361339 futex(0xffff81af8f20, FUTEX_WAKE_PRIVATE, 2147483647 <unfinished ...>
361338 brk(NULL <unfinished ...>
361339 <... futex resumed>)             = 0
361338 <... brk resumed>)               = 0xaaaacd7ff000
361339 futex(0xffff81af8f20, FUTEX_WAKE_PRIVATE, 2147483647 <unfinished ...>
361338 brk(0xaaaacd820000 <unfinished ...>
361339 <... futex resumed>)             = 0
361338 <... brk resumed>)               = 0xaaaacd820000
361339 futex(0xffff81af8f20, FUTEX_WAKE_PRIVATE, 2147483647 <unfinished ...>
361338 rt_sigprocmask(SIG_SETMASK, ~[ILL TRAP BUS FPE SEGV RTMIN RT_1],  <unfinished ...>
361339 <... futex resumed>)             = 0
361338 <... rt_sigprocmask resumed>[], 8) = 0
361339 futex(0xffff81af8f20, FUTEX_WAKE_PRIVATE, 2147483647 <unfinished ...>
361338 rt_sigaction(SIGILL, {sa_handler=0xffffa383d4a8, sa_mask=~[ILL TRAP BUS FPE SEGV RTMIN RT_1], sa_flags=0},  <unfinished ...>
361339 <... futex resumed>)             = 0
361338 <... rt_sigaction resumed>{sa_handler=SIG_DFL, sa_mask=[], sa_flags=0}, 8) = 0
361339 futex(0xffff81af8f20, FUTEX_WAKE_PRIVATE, 2147483647 <unfinished ...>
361338 rt_sigprocmask(SIG_BLOCK, NULL,  <unfinished ...>
361339 <... futex resumed>)             = 0
361338 <... rt_sigprocmask resumed>~[ILL TRAP BUS FPE KILL SEGV STOP RTMIN RT_1], 8) = 0
361339 futex(0xffff81af8f20, FUTEX_WAKE_PRIVATE, 2147483647 <unfinished ...>
361338 rt_sigaction(SIGILL, {sa_handler=SIG_DFL, sa_mask=[], sa_flags=0},  <unfinished ...>
361339 <... futex resumed>)             = 0
361338 <... rt_sigaction resumed>NULL, 8) = 0
361338 rt_sigprocmask(SIG_SETMASK, [],  <unfinished ...>
361339 futex(0xffff81af8f20, FUTEX_WAKE_PRIVATE, 2147483647 <unfinished ...>
361338 <... rt_sigprocmask resumed>NULL, 8) = 0
361339 <... futex resumed>)             = 0
361338 statfs("/sys/fs/selinux",  <unfinished ...>
361339 futex(0xffff81af8f20, FUTEX_WAKE_PRIVATE, 2147483647) = 0
361338 <... statfs resumed>0xffffcaf184e0) = -1 ENOENT (No such file or directory)
361339 futex(0xffff81af8f20, FUTEX_WAKE_PRIVATE, 2147483647 <unfinished ...>
361338 statfs("/selinux",  <unfinished ...>
361339 <... futex resumed>)             = 0
361338 <... statfs resumed>0xffffcaf184e0) = -1 ENOENT (No such file or directory)
361338 openat(AT_FDCWD, "/proc/filesystems", O_RDONLY|O_CLOEXEC <unfinished ...>
361339 futex(0xffff81af8f20, FUTEX_WAKE_PRIVATE, 2147483647 <unfinished ...>
361338 <... openat resumed>)            = 3
361339 <... futex resumed>)             = 0
361338 newfstatat(3, "",  <unfinished ...>
361339 futex(0xffff81af8f20, FUTEX_WAKE_PRIVATE, 2147483647 <unfinished ...>
361338 <... newfstatat resumed>{st_mode=S_IFREG|0444, st_size=0, ...}, AT_EMPTY_PATH) = 0
361339 <... futex resumed>)             = 0
361338 read(3,  <unfinished ...>
361339 futex(0xffff81af8f20, FUTEX_WAKE_PRIVATE, 2147483647 <unfinished ...>
361338 <... read resumed>"nodev\tsysfs\nnodev\ttmpfs\nnodev\tbd"..., 1024) = 394
361339 <... futex resumed>)             = 0
361338 read(3,  <unfinished ...>
361339 futex(0xffff81af8f20, FUTEX_WAKE_PRIVATE, 2147483647 <unfinished ...>
361338 <... read resumed>"", 1024)      = 0
361339 <... futex resumed>)             = 0
361338 close(3 <unfinished ...>
361339 futex(0xffff81af8f20, FUTEX_WAKE_PRIVATE, 2147483647 <unfinished ...>
361338 <... close resumed>)             = 0
361339 <... futex resumed>)             = 0
361338 faccessat(AT_FDCWD, "/etc/selinux/config", F_OK <unfinished ...>
361339 futex(0xffff81af8f20, FUTEX_WAKE_PRIVATE, 2147483647 <unfinished ...>
361338 <... faccessat resumed>)         = -1 ENOENT (No such file or directory)
361339 <... futex resumed>)             = 0
361338 prctl(PR_CAPBSET_READ, CAP_MAC_OVERRIDE <unfinished ...>
361339 futex(0xffff81af8f20, FUTEX_WAKE_PRIVATE, 2147483647 <unfinished ...>
361338 <... prctl resumed>)             = 1
361339 <... futex resumed>)             = 0
361338 prctl(PR_CAPBSET_READ, 0x30 /* CAP_??? */ <unfinished ...>
361339 futex(0xffff81af8f20, FUTEX_WAKE_PRIVATE, 2147483647 <unfinished ...>
361338 <... prctl resumed>)             = -1 EINVAL (Invalid argument)
361339 <... futex resumed>)             = 0
361338 prctl(PR_CAPBSET_READ, 0x28 /* CAP_??? */ <unfinished ...>
361339 futex(0xffff81af8f20, FUTEX_WAKE_PRIVATE, 2147483647 <unfinished ...>
361338 <... prctl resumed>)             = -1 EINVAL (Invalid argument)
361339 <... futex resumed>)             = 0
361338 prctl(PR_CAPBSET_READ, CAP_BLOCK_SUSPEND <unfinished ...>
361339 getpid( <unfinished ...>
361338 <... prctl resumed>)             = 1
361339 <... getpid resumed>)            = 361339
361338 prctl(PR_CAPBSET_READ, 0x26 /* CAP_??? */ <unfinished ...>
361339 geteuid( <unfinished ...>
361338 <... prctl resumed>)             = -1 EINVAL (Invalid argument)
361339 <... geteuid resumed>)           = 1000
361338 prctl(PR_CAPBSET_READ, CAP_AUDIT_READ <unfinished ...>
361339 getegid( <unfinished ...>
361338 <... prctl resumed>)             = 1
361339 <... getegid resumed>)           = 1000
361339 getpid( <unfinished ...>
361338 getpid( <unfinished ...>
361339 <... getpid resumed>)            = 361339
361338 <... getpid resumed>)            = 361338
361339 geteuid( <unfinished ...>
361338 openat(AT_FDCWD, "/proc/self/stat", O_RDONLY|O_CLOEXEC <unfinished ...>
361339 <... geteuid resumed>)           = 1000
361338 <... openat resumed>)            = 3
361339 getegid()                        = 1000
361338 newfstatat(3, "",  <unfinished ...>
361339 futex(0xffff81af8f20, FUTEX_WAKE_PRIVATE, 2147483647 <unfinished ...>
361338 <... newfstatat resumed>{st_mode=S_IFREG|0444, st_size=0, ...}, AT_EMPTY_PATH) = 0
361339 <... futex resumed>)             = 0
361338 read(3,  <unfinished ...>
361339 futex(0xffff81af8f20, FUTEX_WAKE_PRIVATE, 2147483647 <unfinished ...>
361338 <... read resumed>"361338 (systemd-tty-ask) R 36133"..., 1024) = 335
361339 <... futex resumed>)             = 0
361338 ioctl(3, TCGETS, 0xffffcaf182b0) = -1 ENOTTY (Inappropriate ioctl for device)
361339 sendmsg(6, {msg_name=NULL, msg_namelen=0, msg_iov=[{iov_base="\0", iov_len=1}], msg_iovlen=1, msg_control=[{cmsg_len=28, cmsg_level=SOL_SOCKET, cmsg_type=SCM_CREDENTIALS, cmsg_data={pid=361339, uid=1000, gid=1000}}], msg_controllen=32, msg_flags=0}, MSG_NOSIGNAL <unfinished ...>
361338 read(3,  <unfinished ...>
361339 <... sendmsg resumed>)           = 1
361339 sendto(6, "AUTH\r\n", 6, MSG_NOSIGNAL, NULL, 0 <unfinished ...>
361338 <... read resumed>"", 1024)      = 0
361339 <... sendto resumed>)            = 6
361338 close(3 <unfinished ...>
361339 recvfrom(6,  <unfinished ...>
361338 <... close resumed>)             = 0
361339 <... recvfrom resumed>"REJECTED EXTERNAL\r\n", 4096, 0, NULL, NULL) = 19
361338 ioctl(2, TCGETS, {B38400 opost isig icanon echo ...}) = 0
361339 sendto(6, "AUTH EXTERNAL 31303030\r\n", 24, MSG_NOSIGNAL, NULL, 0 <unfinished ...>
361338 umask(022 <unfinished ...>
361339 <... sendto resumed>)            = 24
361338 <... umask resumed>)             = 002
361339 recvfrom(6,  <unfinished ...>
361338 openat(AT_FDCWD, "/proc/self/stat", O_RDONLY|O_CLOEXEC <unfinished ...>
361339 <... recvfrom resumed>"OK 50e2bf1f63f567f7a1f6a4bb64a74"..., 4096, 0, NULL, NULL) = 37
361338 <... openat resumed>)            = 3
361339 sendto(6, "NEGOTIATE_UNIX_FD\r\n", 19, MSG_NOSIGNAL, NULL, 0 <unfinished ...>
361338 newfstatat(3, "",  <unfinished ...>
361339 <... sendto resumed>)            = 19
361338 <... newfstatat resumed>{st_mode=S_IFREG|0444, st_size=0, ...}, AT_EMPTY_PATH) = 0
361339 recvfrom(6,  <unfinished ...>
361338 read(3,  <unfinished ...>
361339 <... recvfrom resumed>"AGREE_UNIX_FD\r\n", 4096, 0, NULL, NULL) = 15
361338 <... read resumed>"361338 (systemd-tty-ask) R 36133"..., 1024) = 335
361339 sendto(6, "BEGIN\r\n", 7, MSG_NOSIGNAL, NULL, 0 <unfinished ...>
361338 ioctl(3, TCGETS <unfinished ...>
361339 <... sendto resumed>)            = 7
361338 <... ioctl resumed>, 0xffffcaf17fe0) = -1 ENOTTY (Inappropriate ioctl for device)
361339 futex(0xffff81af8f20, FUTEX_WAKE_PRIVATE, 2147483647 <unfinished ...>
361338 read(3,  <unfinished ...>
361339 <... futex resumed>)             = 0
361338 <... read resumed>"", 1024)      = 0
361339 eventfd2(0, EFD_CLOEXEC|EFD_NONBLOCK <unfinished ...>
361338 close(3 <unfinished ...>
361339 <... eventfd2 resumed>)          = 7
361338 <... close resumed>)             = 0
361339 write(7, "\1\0\0\0\0\0\0\0", 8 <unfinished ...>
361338 newfstatat(AT_FDCWD, "/run/systemd/ask-password-block",  <unfinished ...>
361339 <... write resumed>)             = 8
361338 <... newfstatat resumed>{st_mode=S_IFDIR|0700, st_size=100, ...}, 0) = 0
361339 mmap(NULL, 8454144, PROT_NONE, MAP_PRIVATE|MAP_ANONYMOUS|MAP_STACK, -1, 0 <unfinished ...>
361338 mknodat(AT_FDCWD, "/run/systemd/ask-password-block/136:7", S_IFIFO|0600 <unfinished ...>
361339 <... mmap resumed>)              = 0xffff80020000
361338 <... mknodat resumed>)           = -1 EACCES (Permission denied)
361339 mprotect(0xffff80030000, 8388608, PROT_READ|PROT_WRITE <unfinished ...>
361338 openat(AT_FDCWD, "/run/systemd/ask-password-block/136:7", O_RDONLY|O_NOCTTY|O_NONBLOCK|O_CLOEXEC <unfinished ...>
361339 <... mprotect resumed>)          = 0
361338 <... openat resumed>)            = -1 EACCES (Permission denied)
361339 rt_sigprocmask(SIG_BLOCK, ~[],  <unfinished ...>
361338 newfstatat(AT_FDCWD, "/run/systemd",  <unfinished ...>
361339 <... rt_sigprocmask resumed>[], 8) = 0
361338 <... newfstatat resumed>{st_mode=S_IFDIR|0755, st_size=580, ...}, 0) = 0
361339 clone(child_stack=0xffff8082e7e0, flags=CLONE_VM|CLONE_FS|CLONE_FILES|CLONE_SIGHAND|CLONE_THREAD|CLONE_SYSVSEM|CLONE_SETTLS|CLONE_PARENT_SETTID|CLONE_CHILD_CLEARTID <unfinished ...>
361338 mkdirat(AT_FDCWD, "/run/systemd/ask-password", 0755) = -1 EEXIST (File exists)
361341 rseq(0xffff8082f740, 0x20, 0, 0xd428bc00 <unfinished ...>
361339 <... clone resumed>, parent_tid=[361341], tls=0xffff8082f760, child_tidptr=0xffff8082f070) = 361341
361341 <... rseq resumed>)              = 0
361338 newfstatat(AT_FDCWD, "/run/systemd/ask-password",  <unfinished ...>
361341 set_robust_list(0xffff8082f080, 24 <unfinished ...>
361339 rt_sigprocmask(SIG_SETMASK, [],  <unfinished ...>
361341 <... set_robust_list resumed>)   = 0
361338 <... newfstatat resumed>{st_mode=S_IFDIR|0755, st_size=40, ...}, 0) = 0
361339 <... rt_sigprocmask resumed>NULL, 8) = 0
361341 rt_sigprocmask(SIG_SETMASK, [],  <unfinished ...>
361338 rt_sigprocmask(SIG_SETMASK, [TERM],  <unfinished ...>
361341 <... rt_sigprocmask resumed>NULL, 8) = 0
361339 futex(0xffff81af8f20, FUTEX_WAKE_PRIVATE, 2147483647 <unfinished ...>
361338 <... rt_sigprocmask resumed>NULL, 8) = 0
361341 prctl(PR_SET_NAME, "gdbus" <unfinished ...>
361339 <... futex resumed>)             = 0
361338 signalfd4(-1, [TERM], 8, SFD_CLOEXEC|SFD_NONBLOCK <unfinished ...>
361341 <... prctl resumed>)             = 0
361339 futex(0xffff81af8f20, FUTEX_WAKE_PRIVATE, 2147483647 <unfinished ...>
361341 mmap(NULL, 134217728, PROT_NONE, MAP_PRIVATE|MAP_ANONYMOUS|MAP_NORESERVE, -1, 0 <unfinished ...>
361339 <... futex resumed>)             = 0
361338 <... signalfd4 resumed>)         = 3
361341 <... mmap resumed>)              = 0xffff74000000
361339 eventfd2(0, EFD_CLOEXEC|EFD_NONBLOCK <unfinished ...>
361338 inotify_init1(IN_CLOEXEC <unfinished ...>
361341 munmap(0xffff78000000, 67108864 <unfinished ...>
361339 <... eventfd2 resumed>)          = 8
361338 <... inotify_init1 resumed>)     = 4
361341 <... munmap resumed>)            = 0
361339 write(8, "\1\0\0\0\0\0\0\0", 8 <unfinished ...>
361341 mprotect(0xffff74000000, 135168, PROT_READ|PROT_WRITE <unfinished ...>
361338 inotify_add_watch(4, "/run/systemd/ask-password", IN_CLOSE_WRITE|IN_MOVED_TO <unfinished ...>
361339 <... write resumed>)             = 8
361341 <... mprotect resumed>)          = 0
361338 <... inotify_add_watch resumed>) = 1
361338 openat(AT_FDCWD, "/run/systemd/ask-password", O_RDONLY|O_NONBLOCK|O_CLOEXEC|O_DIRECTORY <unfinished ...>
361341 ppoll([{fd=7, events=POLLIN}], 1, {tv_sec=0, tv_nsec=0}, NULL, 0 <unfinished ...>
361339 write(7, "\1\0\0\0\0\0\0\0", 8 <unfinished ...>
361341 <... ppoll resumed>)             = 1 ([{fd=7, revents=POLLIN}], left {tv_sec=0, tv_nsec=0})
361338 <... openat resumed>)            = 5
361339 <... write resumed>)             = 8
361341 futex(0xaaaabf5dd770, FUTEX_WAIT_PRIVATE, 2, NULL <unfinished ...>
361338 newfstatat(5, "",  <unfinished ...>
361341 <... futex resumed>)             = -1 EAGAIN (Resource temporarily unavailable)
361339 futex(0xaaaabf5dd770, FUTEX_WAKE_PRIVATE, 1 <unfinished ...>
361338 <... newfstatat resumed>{st_mode=S_IFDIR|0755, st_size=40, ...}, AT_EMPTY_PATH) = 0
361341 read(7,  <unfinished ...>
361339 <... futex resumed>)             = 0
361341 <... read resumed>"\2\0\0\0\0\0\0\0", 16) = 8
361338 getdents64(5 <unfinished ...>
361341 futex(0xaaaabf5dd770, FUTEX_WAKE_PRIVATE, 1 <unfinished ...>
361339 futex(0xaaaabf5dd770, FUTEX_WAIT_PRIVATE, 2, NULL <unfinished ...>
361341 <... futex resumed>)             = 0
361338 <... getdents64 resumed>, /* 2 entries */, 32768) = 48
361339 <... futex resumed>)             = -1 EAGAIN (Resource temporarily unavailable)
361341 ppoll([{fd=6, events=POLLIN}], 1, {tv_sec=0, tv_nsec=0}, NULL, 0 <unfinished ...>
361338 getdents64(5 <unfinished ...>
361341 <... ppoll resumed>)             = 0 (Timeout)
361339 futex(0xaaaabf5dd770, FUTEX_WAKE_PRIVATE, 1 <unfinished ...>
361338 <... getdents64 resumed>, /* 0 entries */, 32768) = 0
361341 write(7, "\1\0\0\0\0\0\0\0", 8 <unfinished ...>
361339 <... futex resumed>)             = 0
361341 <... write resumed>)             = 8
361338 close(5 <unfinished ...>
361339 ppoll([{fd=8, events=POLLIN}], 1, {tv_sec=25, tv_nsec=0}, NULL, 0 <unfinished ...>
361341 sendmsg(6, {msg_name=NULL, msg_namelen=0, msg_iov=[{iov_base="l\1\0\1\0\0\0\0\1\0\0\0n\0\0\0\1\1o\0\25\0\0\0/org/fre"..., iov_len=128}], msg_iovlen=1, msg_controllen=0, msg_flags=0}, MSG_NOSIGNAL <unfinished ...>
361339 <... ppoll resumed>)             = 1 ([{fd=8, revents=POLLIN}], left {tv_sec=24, tv_nsec=999992908})
361338 <... close resumed>)             = 0
361341 <... sendmsg resumed>)           = 128
361338 ppoll([{fd=3, events=POLLIN}, {fd=4, events=POLLIN}], 2, NULL, NULL, 0 <unfinished ...>
361341 ppoll([{fd=6, events=POLLIN}, {fd=7, events=POLLIN}], 2, {tv_sec=0, tv_nsec=0}, NULL, 0) = 1 ([{fd=7, revents=POLLIN}], left {tv_sec=0, tv_nsec=0})
361341 read(7, "\1\0\0\0\0\0\0\0", 16)  = 8
361341 ppoll([{fd=6, events=POLLIN}, {fd=7, events=POLLIN}], 2, NULL, NULL, 0) = 1 ([{fd=6, revents=POLLIN}])
361341 write(7, "\1\0\0\0\0\0\0\0", 8)  = 8
361341 recvmsg(6, {msg_name=NULL, msg_namelen=0, msg_iov=[{iov_base="l\2\1\1\v\0\0\0\1\0\0\0=\0\0\0", iov_len=16}], msg_iovlen=1, msg_controllen=0, msg_flags=MSG_CMSG_CLOEXEC}, MSG_CMSG_CLOEXEC) = 16
361341 ppoll([{fd=6, events=POLLIN}], 1, {tv_sec=0, tv_nsec=0}, NULL, 0) = 1 ([{fd=6, revents=POLLIN}], left {tv_sec=0, tv_nsec=0})
361341 recvmsg(6, {msg_name=NULL, msg_namelen=0, msg_iov=[{iov_base="\6\1s\0\6\0\0\0:1.731\0\0\5\1u\0\1\0\0\0\10\1g\0\1s\0\0"..., iov_len=75}], msg_iovlen=1, msg_controllen=0, msg_flags=MSG_CMSG_CLOEXEC}, MSG_CMSG_CLOEXEC) = 75
361339 read(8,  <unfinished ...>
361341 write(7, "\1\0\0\0\0\0\0\0", 8 <unfinished ...>
361339 <... read resumed>"\1\0\0\0\0\0\0\0", 16) = 8
361341 <... write resumed>)             = 8
361339 ppoll([{fd=8, events=POLLIN}], 1, {tv_sec=24, tv_nsec=998000000}, NULL, 0 <unfinished ...>
361341 write(7, "\1\0\0\0\0\0\0\0", 8)  = 8
361341 ppoll([{fd=7, events=POLLIN}], 1, {tv_sec=0, tv_nsec=0}, NULL, 0) = 1 ([{fd=7, revents=POLLIN}], left {tv_sec=0, tv_nsec=0})
361341 read(7, "\3\0\0\0\0\0\0\0", 16)  = 8
361341 write(8, "\1\0\0\0\0\0\0\0", 8)  = 8
361339 <... ppoll resumed>)             = 1 ([{fd=8, revents=POLLIN}], left {tv_sec=24, tv_nsec=997327160})
361341 ppoll([{fd=6, events=POLLIN}], 1, {tv_sec=0, tv_nsec=0}, NULL, 0 <unfinished ...>
361339 read(8,  <unfinished ...>
361341 <... ppoll resumed>)             = 1 ([{fd=6, revents=POLLIN}], left {tv_sec=0, tv_nsec=0})
361339 <... read resumed>"\1\0\0\0\0\0\0\0", 16) = 8
361341 recvmsg(6,  <unfinished ...>
361339 write(8, "\1\0\0\0\0\0\0\0", 8 <unfinished ...>
361341 <... recvmsg resumed>{msg_name=NULL, msg_namelen=0, msg_iov=[{iov_base="l\4\1\1\v\0\0\0\2\0\0\0\215\0\0\0", iov_len=16}], msg_iovlen=1, msg_controllen=0, msg_flags=MSG_CMSG_CLOEXEC}, MSG_CMSG_CLOEXEC) = 16
361339 <... write resumed>)             = 8
361341 ppoll([{fd=7, events=POLLIN}], 1, {tv_sec=0, tv_nsec=0}, NULL, 0 <unfinished ...>
361339 futex(0xaaaabf5ddc90, FUTEX_WAKE_PRIVATE, 2147483647 <unfinished ...>
361341 <... ppoll resumed>)             = 0 (Timeout)
361339 <... futex resumed>)             = 0
361341 ppoll([{fd=6, events=POLLIN}], 1, {tv_sec=0, tv_nsec=0}, NULL, 0 <unfinished ...>
361339 close(8 <unfinished ...>
361341 <... ppoll resumed>)             = 1 ([{fd=6, revents=POLLIN}], left {tv_sec=0, tv_nsec=0})
361339 <... close resumed>)             = 0
361341 recvmsg(6,  <unfinished ...>
361339 write(7, "\1\0\0\0\0\0\0\0", 8 <unfinished ...>
361341 <... recvmsg resumed>{msg_name=NULL, msg_namelen=0, msg_iov=[{iov_base="\1\1o\0\25\0\0\0/org/freedesktop/DBus\0\0\0"..., iov_len=155}], msg_iovlen=1, msg_controllen=0, msg_flags=MSG_CMSG_CLOEXEC}, MSG_CMSG_CLOEXEC) = 155
361339 <... write resumed>)             = 8
361341 futex(0xaaaabf5dd770, FUTEX_WAIT_PRIVATE, 2, NULL <unfinished ...>
361339 futex(0xaaaabf5dd770, FUTEX_WAKE_PRIVATE, 1 <unfinished ...>
361341 <... futex resumed>)             = -1 EAGAIN (Resource temporarily unavailable)
361339 <... futex resumed>)             = 0
361341 futex(0xaaaabf5dd770, FUTEX_WAKE_PRIVATE, 1) = 0
361341 futex(0xaaaabf5dd770, FUTEX_WAIT_PRIVATE, 2, NULL <unfinished ...>
361339 write(7, "\1\0\0\0\0\0\0\0", 8)  = 8
361339 futex(0xaaaabf5dd770, FUTEX_WAKE_PRIVATE, 1 <unfinished ...>
361341 <... futex resumed>)             = 0
361339 <... futex resumed>)             = 1
361341 futex(0xaaaabf5dd770, FUTEX_WAKE_PRIVATE, 1) = 0
361339 write(7, "\1\0\0\0\0\0\0\0", 8 <unfinished ...>
361341 futex(0xaaaabf5dd770, FUTEX_WAIT_PRIVATE, 2, NULL <unfinished ...>
361339 <... write resumed>)             = 8
361339 futex(0xaaaabf5dd770, FUTEX_WAKE_PRIVATE, 1 <unfinished ...>
361341 <... futex resumed>)             = 0
361339 <... futex resumed>)             = 1
361341 futex(0xaaaabf5dd770, FUTEX_WAKE_PRIVATE, 1 <unfinished ...>
361339 eventfd2(0, EFD_CLOEXEC|EFD_NONBLOCK <unfinished ...>
361341 <... futex resumed>)             = 0
361339 <... eventfd2 resumed>)          = 8
361341 ppoll([{fd=7, events=POLLIN}], 1, {tv_sec=0, tv_nsec=0}, NULL, 0 <unfinished ...>
361339 write(8, "\1\0\0\0\0\0\0\0", 8 <unfinished ...>
361341 <... ppoll resumed>)             = 1 ([{fd=7, revents=POLLIN}], left {tv_sec=0, tv_nsec=0})
361339 <... write resumed>)             = 8
361341 read(7, "\3\0\0\0\0\0\0\0", 16)  = 8
361339 futex(0xaaaabf5dd770, FUTEX_WAIT_PRIVATE, 2, NULL <unfinished ...>
361341 futex(0xaaaabf5dd770, FUTEX_WAKE_PRIVATE, 1 <unfinished ...>
361339 <... futex resumed>)             = -1 EAGAIN (Resource temporarily unavailable)
361341 <... futex resumed>)             = 0
361339 write(7, "\1\0\0\0\0\0\0\0", 8 <unfinished ...>
361341 futex(0xaaaabf5dd770, FUTEX_WAIT_PRIVATE, 2, NULL <unfinished ...>
361339 <... write resumed>)             = 8
361339 futex(0xaaaabf5dd770, FUTEX_WAKE_PRIVATE, 1 <unfinished ...>
361341 <... futex resumed>)             = 0
361339 <... futex resumed>)             = 1
361341 futex(0xaaaabf5dd770, FUTEX_WAKE_PRIVATE, 1 <unfinished ...>
361339 ppoll([{fd=8, events=POLLIN}], 1, {tv_sec=25, tv_nsec=0}, NULL, 0 <unfinished ...>
361341 <... futex resumed>)             = 0
361339 <... ppoll resumed>)             = 1 ([{fd=8, revents=POLLIN}], left {tv_sec=24, tv_nsec=999993908})
361341 sendmsg(6, {msg_name=NULL, msg_namelen=0, msg_iov=[{iov_base="l\1\0\1\326\0\0\0\2\0\0\0y\0\0\0\1\1o\0\25\0\0\0/org/fre"..., iov_len=358}], msg_iovlen=1, msg_controllen=0, msg_flags=0}, MSG_NOSIGNAL <unfinished ...>
361339 read(8,  <unfinished ...>
361341 <... sendmsg resumed>)           = 358
361341 ppoll([{fd=6, events=POLLIN}], 1, {tv_sec=0, tv_nsec=0}, NULL, 0) = 0 (Timeout)
361339 <... read resumed>"\1\0\0\0\0\0\0\0", 16) = 8
361341 write(7, "\1\0\0\0\0\0\0\0", 8 <unfinished ...>
361339 ppoll([{fd=8, events=POLLIN}], 1, {tv_sec=25, tv_nsec=0}, NULL, 0 <unfinished ...>
361341 <... write resumed>)             = 8
361341 ppoll([{fd=6, events=POLLIN}, {fd=7, events=POLLIN}], 2, {tv_sec=0, tv_nsec=0}, NULL, 0) = 2 ([{fd=6, revents=POLLIN}, {fd=7, revents=POLLIN}], left {tv_sec=0, tv_nsec=0})
361341 read(7, "\2\0\0\0\0\0\0\0", 16)  = 8
361341 sendmsg(6, {msg_name=NULL, msg_namelen=0, msg_iov=[{iov_base="l\1\0\1\224\0\0\0\3\0\0\0y\0\0\0\1\1o\0\25\0\0\0/org/fre"..., iov_len=292}], msg_iovlen=1, msg_controllen=0, msg_flags=0}, MSG_NOSIGNAL) = 292
361341 write(7, "\1\0\0\0\0\0\0\0", 8)  = 8
361341 recvmsg(6, {msg_name=NULL, msg_namelen=0, msg_iov=[{iov_base="l\2\1\1\0\0\0\0\3\0\0\0005\0\0\0", iov_len=16}], msg_iovlen=1, msg_controllen=0, msg_flags=MSG_CMSG_CLOEXEC}, MSG_CMSG_CLOEXEC) = 16
361341 ppoll([{fd=6, events=POLLIN}], 1, {tv_sec=0, tv_nsec=0}, NULL, 0) = 1 ([{fd=6, revents=POLLIN}], left {tv_sec=0, tv_nsec=0})
361341 recvmsg(6, {msg_name=NULL, msg_namelen=0, msg_iov=[{iov_base="\6\1s\0\6\0\0\0:1.731\0\0\5\1u\0\2\0\0\0\7\1s\0\24\0\0\0"..., iov_len=56}], msg_iovlen=1, msg_controllen=0, msg_flags=MSG_CMSG_CLOEXEC}, MSG_CMSG_CLOEXEC) = 56
361341 write(7, "\1\0\0\0\0\0\0\0", 8)  = 8
361341 write(7, "\1\0\0\0\0\0\0\0", 8)  = 8
361341 ppoll([{fd=7, events=POLLIN}], 1, {tv_sec=0, tv_nsec=0}, NULL, 0) = 1 ([{fd=7, revents=POLLIN}], left {tv_sec=0, tv_nsec=0})
361341 read(7, "\3\0\0\0\0\0\0\0", 16)  = 8
361341 sendmsg(6, {msg_name=NULL, msg_namelen=0, msg_iov=[{iov_base="l\1\0\1\252\0\0\0\4\0\0\0y\0\0\0\1\1o\0\25\0\0\0/org/fre"..., iov_len=314}], msg_iovlen=1, msg_controllen=0, msg_flags=0}, MSG_NOSIGNAL) = 314
361341 ppoll([{fd=6, events=POLLIN}], 1, {tv_sec=0, tv_nsec=0}, NULL, 0) = 1 ([{fd=6, revents=POLLIN}], left {tv_sec=0, tv_nsec=0})
361341 recvmsg(6, {msg_name=NULL, msg_namelen=0, msg_iov=[{iov_base="l\2\1\1\0\0\0\0\4\0\0\0005\0\0\0", iov_len=16}], msg_iovlen=1, msg_controllen=0, msg_flags=MSG_CMSG_CLOEXEC}, MSG_CMSG_CLOEXEC) = 16
361341 ppoll([{fd=7, events=POLLIN}], 1, {tv_sec=0, tv_nsec=0}, NULL, 0) = 0 (Timeout)
361341 sendmsg(6, {msg_name=NULL, msg_namelen=0, msg_iov=[{iov_base="l\1\0\1$\0\0\0\5\0\0\0\203\0\0\0\1\1o\0\25\0\0\0/org/fre"..., iov_len=188}], msg_iovlen=1, msg_controllen=0, msg_flags=0}, MSG_NOSIGNAL) = 188
361341 ppoll([{fd=6, events=POLLIN}], 1, {tv_sec=0, tv_nsec=0}, NULL, 0) = 1 ([{fd=6, revents=POLLIN}], left {tv_sec=0, tv_nsec=0})
361341 recvmsg(6, {msg_name=NULL, msg_namelen=0, msg_iov=[{iov_base="\6\1s\0\6\0\0\0:1.731\0\0\5\1u\0\3\0\0\0\7\1s\0\24\0\0\0"..., iov_len=56}], msg_iovlen=1, msg_controllen=0, msg_flags=MSG_CMSG_CLOEXEC}, MSG_CMSG_CLOEXEC) = 56
361341 ppoll([{fd=7, events=POLLIN}], 1, {tv_sec=0, tv_nsec=0}, NULL, 0) = 0 (Timeout)
361341 ppoll([{fd=6, events=POLLIN}], 1, {tv_sec=0, tv_nsec=0}, NULL, 0) = 1 ([{fd=6, revents=POLLIN}], left {tv_sec=0, tv_nsec=0})
361341 recvmsg(6, {msg_name=NULL, msg_namelen=0, msg_iov=[{iov_base="l\2\1\1\0\0\0\0\5\0\0\0005\0\0\0", iov_len=16}], msg_iovlen=1, msg_controllen=0, msg_flags=MSG_CMSG_CLOEXEC}, MSG_CMSG_CLOEXEC) = 16
361341 ppoll([{fd=7, events=POLLIN}], 1, {tv_sec=0, tv_nsec=0}, NULL, 0) = 0 (Timeout)
361341 ppoll([{fd=6, events=POLLIN}], 1, {tv_sec=0, tv_nsec=0}, NULL, 0) = 1 ([{fd=6, revents=POLLIN}], left {tv_sec=0, tv_nsec=0})
361341 recvmsg(6, {msg_name=NULL, msg_namelen=0, msg_iov=[{iov_base="\6\1s\0\6\0\0\0:1.731\0\0\5\1u\0\4\0\0\0\7\1s\0\24\0\0\0"..., iov_len=56}], msg_iovlen=1, msg_controllen=0, msg_flags=MSG_CMSG_CLOEXEC}, MSG_CMSG_CLOEXEC) = 56
361341 ppoll([{fd=7, events=POLLIN}], 1, {tv_sec=0, tv_nsec=0}, NULL, 0) = 0 (Timeout)
361341 ppoll([{fd=6, events=POLLIN}], 1, {tv_sec=0, tv_nsec=0}, NULL, 0) = 1 ([{fd=6, revents=POLLIN}], left {tv_sec=0, tv_nsec=0})
361341 recvmsg(6, {msg_name=NULL, msg_namelen=0, msg_iov=[{iov_base="l\2\1\1\4\0\0\0\6\0\0\0=\0\0\0", iov_len=16}], msg_iovlen=1, msg_controllen=0, msg_flags=MSG_CMSG_CLOEXEC}, MSG_CMSG_CLOEXEC) = 16
361341 ppoll([{fd=7, events=POLLIN}], 1, {tv_sec=0, tv_nsec=0}, NULL, 0) = 0 (Timeout)
361341 ppoll([{fd=6, events=POLLIN}], 1, {tv_sec=0, tv_nsec=0}, NULL, 0) = 1 ([{fd=6, revents=POLLIN}], left {tv_sec=0, tv_nsec=0})
361341 recvmsg(6, {msg_name=NULL, msg_namelen=0, msg_iov=[{iov_base="\6\1s\0\6\0\0\0:1.731\0\0\5\1u\0\5\0\0\0\10\1g\0\1u\0\0"..., iov_len=68}], msg_iovlen=1, msg_controllen=0, msg_flags=MSG_CMSG_CLOEXEC}, MSG_CMSG_CLOEXEC) = 68
361341 ppoll([{fd=7, events=POLLIN}], 1, {tv_sec=0, tv_nsec=0}, NULL, 0) = 0 (Timeout)
361341 write(8, "\1\0\0\0\0\0\0\0", 8)  = 8
361339 <... ppoll resumed>)             = 1 ([{fd=8, revents=POLLIN}], left {tv_sec=24, tv_nsec=994157836})
361341 ppoll([{fd=6, events=POLLIN}], 1, {tv_sec=0, tv_nsec=0}, NULL, 0 <unfinished ...>
361339 read(8,  <unfinished ...>
361341 <... ppoll resumed>)             = 0 (Timeout)
361339 <... read resumed>"\1\0\0\0\0\0\0\0", 16) = 8
361341 write(7, "\1\0\0\0\0\0\0\0", 8)  = 8
361341 futex(0xaaaabf5dd770, FUTEX_WAKE_PRIVATE, 1 <unfinished ...>
361339 futex(0xaaaabf5dd770, FUTEX_WAIT_PRIVATE, 2, NULL <unfinished ...>
361341 <... futex resumed>)             = 0
361339 <... futex resumed>)             = -1 EAGAIN (Resource temporarily unavailable)
361341 futex(0xaaaabf5dd480, FUTEX_WAIT_PRIVATE, 2, NULL <unfinished ...>
361339 write(7, "\1\0\0\0\0\0\0\0", 8)  = 8
361339 futex(0xaaaabf5dd770, FUTEX_WAKE_PRIVATE, 1) = 0
361339 futex(0xaaaabf5dd480, FUTEX_WAKE_PRIVATE, 1 <unfinished ...>
361341 <... futex resumed>)             = 0
361339 <... futex resumed>)             = 1
361341 futex(0xaaaabf5dd480, FUTEX_WAKE_PRIVATE, 1 <unfinished ...>
361339 ppoll([{fd=8, events=POLLIN}], 1, {tv_sec=25, tv_nsec=0}, NULL, 0 <unfinished ...>
361341 <... futex resumed>)             = 0
361341 ppoll([{fd=6, events=POLLIN}, {fd=7, events=POLLIN}], 2, {tv_sec=0, tv_nsec=0}, NULL, 0) = 1 ([{fd=7, revents=POLLIN}], left {tv_sec=0, tv_nsec=0})
361341 read(7, "\2\0\0\0\0\0\0\0", 16)  = 8
361341 sendmsg(6, {msg_name=NULL, msg_namelen=0, msg_iov=[{iov_base="l\1\0\1\37\0\0\0\6\0\0\0}\0\0\0\1\1o\0\25\0\0\0/org/fre"..., iov_len=175}], msg_iovlen=1, msg_controllen=0, msg_flags=0}, MSG_NOSIGNAL) = 175
361341 ppoll([{fd=6, events=POLLIN}, {fd=7, events=POLLIN}], 2, {tv_sec=0, tv_nsec=0}, NULL, 0) = 0 (Timeout)
361341 ppoll([{fd=6, events=POLLIN}, {fd=7, events=POLLIN}], 2, NULL, NULL, 0) = 1 ([{fd=6, revents=POLLIN}])
361341 write(7, "\1\0\0\0\0\0\0\0", 8)  = 8
361341 recvmsg(6, {msg_name=NULL, msg_namelen=0, msg_iov=[{iov_base="l\2\1\1\t\0\0\0\7\0\0\0=\0\0\0", iov_len=16}], msg_iovlen=1, msg_controllen=0, msg_flags=MSG_CMSG_CLOEXEC}, MSG_CMSG_CLOEXEC) = 16
361341 ppoll([{fd=6, events=POLLIN}], 1, {tv_sec=0, tv_nsec=0}, NULL, 0) = 1 ([{fd=6, revents=POLLIN}], left {tv_sec=0, tv_nsec=0})
361341 recvmsg(6, {msg_name=NULL, msg_namelen=0, msg_iov=[{iov_base="\6\1s\0\6\0\0\0:1.731\0\0\5\1u\0\6\0\0\0\10\1g\0\1s\0\0"..., iov_len=73}], msg_iovlen=1, msg_controllen=0, msg_flags=MSG_CMSG_CLOEXEC}, MSG_CMSG_CLOEXEC) = 73
361341 write(7, "\1\0\0\0\0\0\0\0", 8)  = 8
361341 write(7, "\1\0\0\0\0\0\0\0", 8)  = 8
361341 ppoll([{fd=7, events=POLLIN}], 1, {tv_sec=0, tv_nsec=0}, NULL, 0) = 1 ([{fd=7, revents=POLLIN}], left {tv_sec=0, tv_nsec=0})
361341 read(7, "\3\0\0\0\0\0\0\0", 16)  = 8
361341 write(8, "\1\0\0\0\0\0\0\0", 8)  = 8
361339 <... ppoll resumed>)             = 1 ([{fd=8, revents=POLLIN}], left {tv_sec=24, tv_nsec=997573613})
361341 ppoll([{fd=6, events=POLLIN}], 1, {tv_sec=0, tv_nsec=0}, NULL, 0 <unfinished ...>
361339 read(8,  <unfinished ...>
361341 <... ppoll resumed>)             = 0 (Timeout)
361339 <... read resumed>"\1\0\0\0\0\0\0\0", 16) = 8
361341 write(7, "\1\0\0\0\0\0\0\0", 8)  = 8
361341 futex(0xaaaabf5c41f0, FUTEX_WAIT_PRIVATE, 2, NULL <unfinished ...>
361339 futex(0xaaaabf5c41f0, FUTEX_WAKE_PRIVATE, 1 <unfinished ...>
361341 <... futex resumed>)             = -1 EAGAIN (Resource temporarily unavailable)
361339 <... futex resumed>)             = 0
361341 futex(0xaaaabf5c41f0, FUTEX_WAKE_PRIVATE, 1 <unfinished ...>
361339 write(7, "\1\0\0\0\0\0\0\0", 8 <unfinished ...>
361341 <... futex resumed>)             = 0
361339 <... write resumed>)             = 8
361341 futex(0xaaaabf5dd770, FUTEX_WAIT_PRIVATE, 2, NULL <unfinished ...>
361339 futex(0xaaaabf5dd770, FUTEX_WAKE_PRIVATE, 1 <unfinished ...>
361341 <... futex resumed>)             = -1 EAGAIN (Resource temporarily unavailable)
361339 <... futex resumed>)             = 0
361341 futex(0xaaaabf5dd770, FUTEX_WAKE_PRIVATE, 1 <unfinished ...>
361339 ppoll([{fd=8, events=POLLIN}], 1, {tv_sec=25, tv_nsec=0}, NULL, 0 <unfinished ...>
361341 <... futex resumed>)             = 0
361341 ppoll([{fd=6, events=POLLIN}, {fd=7, events=POLLIN}], 2, {tv_sec=0, tv_nsec=0}, NULL, 0) = 1 ([{fd=7, revents=POLLIN}], left {tv_sec=0, tv_nsec=0})
361341 read(7, "\2\0\0\0\0\0\0\0", 16)  = 8
361341 sendmsg(6, {msg_name=NULL, msg_namelen=0, msg_iov=[{iov_base="l\1\0\1)\0\0\0\7\0\0\0\177\0\0\0\1\1o\0%\0\0\0/org/fre"..., iov_len=185}], msg_iovlen=1, msg_controllen=0, msg_flags=0}, MSG_NOSIGNAL) = 185
361341 ppoll([{fd=6, events=POLLIN}, {fd=7, events=POLLIN}], 2, {tv_sec=0, tv_nsec=0}, NULL, 0) = 0 (Timeout)
361341 ppoll([{fd=6, events=POLLIN}, {fd=7, events=POLLIN}], 2, NULL, NULL, 0) = 1 ([{fd=6, revents=POLLIN}])
361341 write(7, "\1\0\0\0\0\0\0\0", 8)  = 8
361341 recvmsg(6, {msg_name=NULL, msg_namelen=0, msg_iov=[{iov_base="l\2\1\1l\0\0\0\352\4\0\0005\0\0\0", iov_len=16}], msg_iovlen=1, msg_controllen=0, msg_flags=MSG_CMSG_CLOEXEC}, MSG_CMSG_CLOEXEC) = 16
361341 ppoll([{fd=6, events=POLLIN}], 1, {tv_sec=0, tv_nsec=0}, NULL, 0) = 1 ([{fd=6, revents=POLLIN}], left {tv_sec=0, tv_nsec=0})
361341 recvmsg(6, {msg_name=NULL, msg_namelen=0, msg_iov=[{iov_base="\6\1s\0\6\0\0\0:1.731\0\0\10\1g\0\5a{sv}\0\0\0\0\0\0"..., iov_len=164}], msg_iovlen=1, msg_controllen=0, msg_flags=MSG_CMSG_CLOEXEC}, MSG_CMSG_CLOEXEC) = 164
361341 write(7, "\1\0\0\0\0\0\0\0", 8)  = 8
361341 write(7, "\1\0\0\0\0\0\0\0", 8)  = 8
361341 ppoll([{fd=7, events=POLLIN}], 1, {tv_sec=0, tv_nsec=0}, NULL, 0) = 1 ([{fd=7, revents=POLLIN}], left {tv_sec=0, tv_nsec=0})
361341 read(7, "\3\0\0\0\0\0\0\0", 16)  = 8
361341 write(8, "\1\0\0\0\0\0\0\0", 8)  = 8
361339 <... ppoll resumed>)             = 1 ([{fd=8, revents=POLLIN}], left {tv_sec=24, tv_nsec=996789108})
361341 ppoll([{fd=6, events=POLLIN}], 1, {tv_sec=0, tv_nsec=0}, NULL, 0 <unfinished ...>
361339 read(8,  <unfinished ...>
361341 <... ppoll resumed>)             = 0 (Timeout)
361339 <... read resumed>"\1\0\0\0\0\0\0\0", 16) = 8
361341 write(7, "\1\0\0\0\0\0\0\0", 8 <unfinished ...>
361339 write(8, "\1\0\0\0\0\0\0\0", 8 <unfinished ...>
361341 <... write resumed>)             = 8
361339 <... write resumed>)             = 8
361341 ppoll([{fd=6, events=POLLIN}, {fd=7, events=POLLIN}], 2, NULL, NULL, 0 <unfinished ...>
361339 futex(0xaaaabf5e41d0, FUTEX_WAKE_PRIVATE, 2147483647 <unfinished ...>
361341 <... ppoll resumed>)             = 1 ([{fd=7, revents=POLLIN}])
361339 <... futex resumed>)             = 0
361341 read(7, "\1\0\0\0\0\0\0\0", 16)  = 8
361339 close(8 <unfinished ...>
361341 ppoll([{fd=6, events=POLLIN}, {fd=7, events=POLLIN}], 2, NULL, NULL, 0 <unfinished ...>
361339 <... close resumed>)             = 0
361339 futex(0xffff81af8f20, FUTEX_WAKE_PRIVATE, 2147483647) = 0
361339 futex(0xffff81af8f20, FUTEX_WAKE_PRIVATE, 2147483647) = 0
361339 openat(AT_FDCWD, "/dev/tty", O_RDWR) = 8
361339 mmap(NULL, 8454144, PROT_NONE, MAP_PRIVATE|MAP_ANONYMOUS|MAP_STACK, -1, 0) = 0xffff7b7f0000
361339 mprotect(0xffff7b800000, 8388608, PROT_READ|PROT_WRITE) = 0
361339 rt_sigprocmask(SIG_BLOCK, ~[], [], 8) = 0
361339 clone(child_stack=0xffff7bffe7e0, flags=CLONE_VM|CLONE_FS|CLONE_FILES|CLONE_SIGHAND|CLONE_THREAD|CLONE_SYSVSEM|CLONE_SETTLS|CLONE_PARENT_SETTID|CLONE_CHILD_CLEARTID, parent_tid=[361342], tls=0xffff7bfff760, child_tidptr=0xffff7bfff070) = 361342
361342 rseq(0xffff7bfff740, 0x20, 0, 0xd428bc00 <unfinished ...>
361339 rt_sigprocmask(SIG_SETMASK, [],  <unfinished ...>
361342 <... rseq resumed>)              = 0
361339 <... rt_sigprocmask resumed>NULL, 8) = 0
361342 set_robust_list(0xffff7bfff080, 24 <unfinished ...>
361339 sched_yield( <unfinished ...>
361342 <... set_robust_list resumed>)   = 0
361339 <... sched_yield resumed>)       = 0
361342 rt_sigprocmask(SIG_SETMASK, [],  <unfinished ...>
361339 sched_yield( <unfinished ...>
361342 <... rt_sigprocmask resumed>NULL, 8) = 0
361339 <... sched_yield resumed>)       = 0
361342 mmap(0xffff78000000, 67108864, PROT_NONE, MAP_PRIVATE|MAP_ANONYMOUS|MAP_NORESERVE, -1, 0 <unfinished ...>
361339 sched_yield( <unfinished ...>
361342 <... mmap resumed>)              = 0xffff70000000
361339 <... sched_yield resumed>)       = 0
361342 mprotect(0xffff70000000, 135168, PROT_READ|PROT_WRITE <unfinished ...>
361339 sched_yield( <unfinished ...>
361342 <... mprotect resumed>)          = 0
361339 <... sched_yield resumed>)       = 0
361339 sched_yield( <unfinished ...>
361342 eventfd2(0, EFD_CLOEXEC|EFD_NONBLOCK <unfinished ...>
361339 <... sched_yield resumed>)       = 0
361342 <... eventfd2 resumed>)          = 9
361339 sched_yield( <unfinished ...>
361342 write(9, "\1\0\0\0\0\0\0\0", 8 <unfinished ...>
361339 <... sched_yield resumed>)       = 0
361342 <... write resumed>)             = 8
361339 sched_yield()                    = 0
361342 ppoll([{fd=9, events=POLLIN}], 1, NULL, NULL, 0 <unfinished ...>
361339 eventfd2(0, EFD_CLOEXEC|EFD_NONBLOCK <unfinished ...>
361342 <... ppoll resumed>)             = 1 ([{fd=9, revents=POLLIN}])
361339 <... eventfd2 resumed>)          = 10
361342 read(9,  <unfinished ...>
361339 write(10, "\1\0\0\0\0\0\0\0", 8 <unfinished ...>
361342 <... read resumed>"\1\0\0\0\0\0\0\0", 16) = 8
361339 <... write resumed>)             = 8
361342 ppoll([{fd=9, events=POLLIN}], 1, NULL, NULL, 0 <unfinished ...>
361339 futex(0xffff81af8f20, FUTEX_WAKE_PRIVATE, 2147483647) = 0
361339 write(7, "\1\0\0\0\0\0\0\0", 8)  = 8
361341 <... ppoll resumed>)             = 1 ([{fd=7, revents=POLLIN}])
361339 ppoll([{fd=10, events=POLLIN}], 1, {tv_sec=25, tv_nsec=0}, NULL, 0 <unfinished ...>
361341 read(7,  <unfinished ...>
361339 <... ppoll resumed>)             = 1 ([{fd=10, revents=POLLIN}], left {tv_sec=24, tv_nsec=999994611})
361341 <... read resumed>"\1\0\0\0\0\0\0\0", 16) = 8
361339 read(10,  <unfinished ...>
361341 sendmsg(6, {msg_name=NULL, msg_namelen=0, msg_iov=[{iov_base="l\1\0\1\264\0\0\0\10\0\0\0\267\0\0\0\1\1o\0%\0\0\0/org/fre"..., iov_len=380}], msg_iovlen=1, msg_controllen=0, msg_flags=0}, MSG_NOSIGNAL <unfinished ...>
361339 <... read resumed>"\1\0\0\0\0\0\0\0", 16) = 8
361341 <... sendmsg resumed>)           = 380
361341 ppoll([{fd=6, events=POLLIN}, {fd=7, events=POLLIN}], 2, {tv_sec=0, tv_nsec=0}, NULL, 0) = 0 (Timeout)
361341 ppoll([{fd=6, events=POLLIN}, {fd=7, events=POLLIN}], 2, NULL, NULL, 0 <unfinished ...>
361339 ppoll([{fd=10, events=POLLIN}], 1, {tv_sec=25, tv_nsec=0}, NULL, 0 <unfinished ...>
361341 <... ppoll resumed>)             = 1 ([{fd=6, revents=POLLIN}])
361341 write(7, "\1\0\0\0\0\0\0\0", 8)  = 8
361341 recvmsg(6, {msg_name=NULL, msg_namelen=0, msg_iov=[{iov_base="l\4\1\1\0\0\0\0\360\4\0\0}\0\0\0", iov_len=16}], msg_iovlen=1, msg_controllen=0, msg_flags=MSG_CMSG_CLOEXEC}, MSG_CMSG_CLOEXEC) = 16
361341 ppoll([{fd=6, events=POLLIN}], 1, {tv_sec=0, tv_nsec=0}, NULL, 0) = 1 ([{fd=6, revents=POLLIN}], left {tv_sec=0, tv_nsec=0})
361341 recvmsg(6, {msg_name=NULL, msg_namelen=0, msg_iov=[{iov_base="\1\1o\0%\0\0\0/org/freedesktop/PolicyK"..., iov_len=128}], msg_iovlen=1, msg_controllen=0, msg_flags=MSG_CMSG_CLOEXEC}, MSG_CMSG_CLOEXEC) = 128
361341 write(7, "\1\0\0\0\0\0\0\0", 8)  = 8
361341 write(7, "\1\0\0\0\0\0\0\0", 8)  = 8
361341 ppoll([{fd=7, events=POLLIN}], 1, {tv_sec=0, tv_nsec=0}, NULL, 0) = 1 ([{fd=7, revents=POLLIN}], left {tv_sec=0, tv_nsec=0})
361341 read(7, "\3\0\0\0\0\0\0\0", 16)  = 8
361341 ppoll([{fd=6, events=POLLIN}], 1, {tv_sec=0, tv_nsec=0}, NULL, 0) = 1 ([{fd=6, revents=POLLIN}], left {tv_sec=0, tv_nsec=0})
361341 recvmsg(6, {msg_name=NULL, msg_namelen=0, msg_iov=[{iov_base="l\2\1\1\0\0\0\0\361\4\0\0-\0\0\0", iov_len=16}], msg_iovlen=1, msg_controllen=0, msg_flags=MSG_CMSG_CLOEXEC}, MSG_CMSG_CLOEXEC) = 16
361341 ppoll([{fd=7, events=POLLIN}], 1, {tv_sec=0, tv_nsec=0}, NULL, 0) = 0 (Timeout)
361341 ppoll([{fd=6, events=POLLIN}], 1, {tv_sec=0, tv_nsec=0}, NULL, 0) = 1 ([{fd=6, revents=POLLIN}], left {tv_sec=0, tv_nsec=0})
361341 recvmsg(6, {msg_name=NULL, msg_namelen=0, msg_iov=[{iov_base="\6\1s\0\6\0\0\0:1.731\0\0\10\1g\0\0\0\0\0\5\1u\0\10\0\0\0"..., iov_len=48}], msg_iovlen=1, msg_controllen=0, msg_flags=MSG_CMSG_CLOEXEC}, MSG_CMSG_CLOEXEC) = 48
361341 ppoll([{fd=7, events=POLLIN}], 1, {tv_sec=0, tv_nsec=0}, NULL, 0) = 0 (Timeout)
361341 write(10, "\1\0\0\0\0\0\0\0", 8) = 8
361339 <... ppoll resumed>)             = 1 ([{fd=10, revents=POLLIN}], left {tv_sec=24, tv_nsec=991927871})
361341 ppoll([{fd=6, events=POLLIN}], 1, {tv_sec=0, tv_nsec=0}, NULL, 0 <unfinished ...>
361339 read(10,  <unfinished ...>
361341 <... ppoll resumed>)             = 0 (Timeout)
361339 <... read resumed>"\1\0\0\0\0\0\0\0", 16) = 8
361341 write(7, "\1\0\0\0\0\0\0\0", 8)  = 8
361339 write(10, "\1\0\0\0\0\0\0\0", 8 <unfinished ...>
361341 ppoll([{fd=6, events=POLLIN}, {fd=7, events=POLLIN}], 2, NULL, NULL, 0 <unfinished ...>
361339 <... write resumed>)             = 8
361341 <... ppoll resumed>)             = 1 ([{fd=7, revents=POLLIN}])
361341 read(7,  <unfinished ...>
361339 futex(0xaaaabf5e6950, FUTEX_WAKE_PRIVATE, 2147483647 <unfinished ...>
361341 <... read resumed>"\1\0\0\0\0\0\0\0", 16) = 8
361339 <... futex resumed>)             = 0
361341 ppoll([{fd=6, events=POLLIN}, {fd=7, events=POLLIN}], 2, NULL, NULL, 0 <unfinished ...>
361339 close(10)                        = 0
361339 close(5)                         = 0
361334 <... ppoll resumed>)             = 1 ([{fd=4, revents=POLLHUP}])
361339 openat(AT_FDCWD, "/dev/tty", O_RDWR <unfinished ...>
361334 close(4 <unfinished ...>
361339 <... openat resumed>)            = 5
361334 <... close resumed>)             = 0
361339 ioctl(5, TCGETS, {B38400 opost isig icanon echo ...}) = 0
361334 getrandom( <unfinished ...>
361339 rt_sigaction(SIGTERM, {sa_handler=0xaaaab14b2090, sa_mask=[], sa_flags=0},  <unfinished ...>
361334 <... getrandom resumed>"\xb1\xb1\x73\x6e\x25\xd4\x5a\xec\xa1\x60\x95\x49\xb3\x8b\x5b\x31", 16, GRND_NONBLOCK) = 16
361339 <... rt_sigaction resumed>{sa_handler=SIG_DFL, sa_mask=[], sa_flags=0}, 8) = 0
361334 recvmsg(3,  <unfinished ...>
361339 rt_sigaction(SIGINT, {sa_handler=0xaaaab14b2090, sa_mask=[], sa_flags=0},  <unfinished ...>
361334 <... recvmsg resumed>{msg_name=NULL, msg_namelen=0, msg_iov=[{iov_base="DATA\r\nOK 50e2bf1f63f567f7a1f6a4b"..., iov_len=256}], msg_iovlen=1, msg_controllen=0, msg_flags=MSG_CMSG_CLOEXEC}, MSG_DONTWAIT|MSG_CMSG_CLOEXEC) = 58
361339 <... rt_sigaction resumed>{sa_handler=SIG_DFL, sa_mask=[], sa_flags=0}, 8) = 0
361334 sendmsg(3, {msg_name=NULL, msg_namelen=0, msg_iov=[{iov_base="l\1\0\1\0\0\0\0\1\0\0\0m\0\0\0\1\1o\0\25\0\0\0/org/fre"..., iov_len=128}], msg_iovlen=1, msg_controllen=0, msg_flags=0}, MSG_DONTWAIT|MSG_NOSIGNAL <unfinished ...>
361339 rt_sigaction(SIGTSTP, {sa_handler=0xaaaab14b2090, sa_mask=[], sa_flags=0}, {sa_handler=SIG_DFL, sa_mask=[], sa_flags=0}, 8) = 0
361334 <... sendmsg resumed>)           = 128
361339 ppoll([{fd=4, events=POLLIN}], 1, {tv_sec=0, tv_nsec=0}, NULL, 0 <unfinished ...>
361334 sendmsg(3, {msg_name=NULL, msg_namelen=0, msg_iov=[{iov_base="l\1\4\1\226\0\0\0\2\0\0\0\177\0\0\0\1\1o\0\25\0\0\0/org/fre"..., iov_len=144}, {iov_base="\221\0\0\0type='signal',sender='org.fr"..., iov_len=150}], msg_iovlen=2, msg_controllen=0, msg_flags=0}, MSG_DONTWAIT|MSG_NOSIGNAL <unfinished ...>
361339 <... ppoll resumed>)             = 1 ([{fd=4, revents=POLLIN}], left {tv_sec=0, tv_nsec=0})
361334 <... sendmsg resumed>)           = 294
361339 read(4,  <unfinished ...>
361334 recvmsg(3,  <unfinished ...>
361339 <... read resumed>"\1\0\0\0\0\0\0\0", 16) = 8
361334 <... recvmsg resumed>{msg_name=NULL, msg_namelen=0, msg_iov=[{iov_base="l\2\1\1\v\0\0\0\1\0\0\0=\0\0\0\6\1s\0\6\0\0\0", iov_len=24}], msg_iovlen=1, msg_controllen=0, msg_flags=MSG_CMSG_CLOEXEC}, MSG_DONTWAIT|MSG_CMSG_CLOEXEC) = 24
361339 ppoll([{fd=4, events=POLLIN}], 1, NULL, NULL, 0 <unfinished ...>
361334 recvmsg(3, {msg_name=NULL, msg_namelen=0, msg_iov=[{iov_base=":1.732\0\0\5\1u\0\1\0\0\0\10\1g\0\1s\0\0\7\1s\0\24\0\0\0"..., iov_len=67}], msg_iovlen=1, msg_controllen=0, msg_flags=MSG_CMSG_CLOEXEC}, MSG_DONTWAIT|MSG_CMSG_CLOEXEC) = 67
361334 sendmsg(3, {msg_name=NULL, msg_namelen=0, msg_iov=[{iov_base="l\1\4\1,\0\0\0\3\0\0\0\240\0\0\0\1\1o\0\31\0\0\0/org/fre"..., iov_len=176}, {iov_base="\31\0\0\0sakamichi-api-bff.service\0\0\0"..., iov_len=44}], msg_iovlen=2, msg_controllen=0, msg_flags=0}, MSG_DONTWAIT|MSG_NOSIGNAL) = 220
361334 recvmsg(3, {msg_name=NULL, msg_namelen=0, msg_iov=[{iov_base="l\4\1\1\v\0\0\0\2\0\0\0\215\0\0\0\1\1o\0\25\0\0\0", iov_len=24}], msg_iovlen=1, msg_controllen=0, msg_flags=MSG_CMSG_CLOEXEC}, MSG_DONTWAIT|MSG_CMSG_CLOEXEC) = 24
361334 recvmsg(3, {msg_name=NULL, msg_namelen=0, msg_iov=[{iov_base="/org/freedesktop/DBus\0\0\0\2\1s\0\24\0\0\0"..., iov_len=147}], msg_iovlen=1, msg_controllen=0, msg_flags=MSG_CMSG_CLOEXEC}, MSG_DONTWAIT|MSG_CMSG_CLOEXEC) = 147
361334 recvmsg(3, {msg_name=NULL, msg_namelen=0, msg_iov=[{iov_base="l\2\1\1\0\0\0\0\3\0\0\0005\0\0\0\6\1s\0\6\0\0\0", iov_len=24}], msg_iovlen=1, msg_controllen=0, msg_flags=MSG_CMSG_CLOEXEC}, MSG_DONTWAIT|MSG_CMSG_CLOEXEC) = 24
361334 recvmsg(3, {msg_name=NULL, msg_namelen=0, msg_iov=[{iov_base=":1.732\0\0\5\1u\0\2\0\0\0\7\1s\0\24\0\0\0org.free"..., iov_len=48}], msg_iovlen=1, msg_controllen=0, msg_flags=MSG_CMSG_CLOEXEC}, MSG_DONTWAIT|MSG_CMSG_CLOEXEC) = 48
361334 recvmsg(3, {msg_namelen=0}, MSG_DONTWAIT|MSG_CMSG_CLOEXEC) = -1 EAGAIN (Resource temporarily unavailable)
361334 ppoll([{fd=3, events=POLLIN}], 1, {tv_sec=24, tv_nsec=997202000}, NULL, 8 <unfinished ...>
361341 <... ppoll resumed>)             = 1 ([{fd=6, revents=POLLIN}])
361341 write(7, "\1\0\0\0\0\0\0\0", 8)  = 8
361341 recvmsg(6, {msg_name=NULL, msg_namelen=0, msg_iov=[{iov_base="l\1\0\1@\1\0\0\n\5\0\0\305\0\0\0", iov_len=16}], msg_iovlen=1, msg_controllen=0, msg_flags=MSG_CMSG_CLOEXEC}, MSG_CMSG_CLOEXEC) = 16
361341 ppoll([{fd=6, events=POLLIN}], 1, {tv_sec=0, tv_nsec=0}, NULL, 0) = 1 ([{fd=6, revents=POLLIN}], left {tv_sec=0, tv_nsec=0})
361341 recvmsg(6, {msg_name=NULL, msg_namelen=0, msg_iov=[{iov_base="\1\1o\0/\0\0\0/org/freedesktop/PolicyK"..., iov_len=520}], msg_iovlen=1, msg_controllen=0, msg_flags=MSG_CMSG_CLOEXEC}, MSG_CMSG_CLOEXEC) = 520
361341 write(7, "\1\0\0\0\0\0\0\0", 8)  = 8
361341 write(7, "\1\0\0\0\0\0\0\0", 8)  = 8
361341 ppoll([{fd=7, events=POLLIN}], 1, {tv_sec=0, tv_nsec=0}, NULL, 0) = 1 ([{fd=7, revents=POLLIN}], left {tv_sec=0, tv_nsec=0})
361341 read(7, "\3\0\0\0\0\0\0\0", 16)  = 8
361341 futex(0xffff81af8f20, FUTEX_WAKE_PRIVATE, 2147483647) = 0
361341 write(9, "\1\0\0\0\0\0\0\0", 8)  = 8
361342 <... ppoll resumed>)             = 1 ([{fd=9, revents=POLLIN}])
361341 ppoll([{fd=6, events=POLLIN}], 1, {tv_sec=0, tv_nsec=0}, NULL, 0 <unfinished ...>
361342 read(9,  <unfinished ...>
361341 <... ppoll resumed>)             = 0 (Timeout)
361342 <... read resumed>"\1\0\0\0\0\0\0\0", 16) = 8
361341 write(7, "\1\0\0\0\0\0\0\0", 8)  = 8
361341 ppoll([{fd=6, events=POLLIN}, {fd=7, events=POLLIN}], 2, NULL, NULL, 0 <unfinished ...>
361342 futex(0xffff81af8f20, FUTEX_WAKE_PRIVATE, 2147483647 <unfinished ...>
361341 <... ppoll resumed>)             = 1 ([{fd=7, revents=POLLIN}])
361342 <... futex resumed>)             = 0
361341 read(7, "\1\0\0\0\0\0\0\0", 16)  = 8
361341 ppoll([{fd=6, events=POLLIN}, {fd=7, events=POLLIN}], 2, NULL, NULL, 0 <unfinished ...>
361342 futex(0xffff81af8f20, FUTEX_WAKE_PRIVATE, 2147483647) = 0
361342 futex(0xffff81af8f20, FUTEX_WAKE_PRIVATE, 2147483647) = 0
361342 newfstatat(8, "", {st_mode=S_IFCHR|0666, st_rdev=makedev(0x5, 0), ...}, AT_EMPTY_PATH) = 0
361342 ioctl(8, TCGETS, {B38400 opost isig icanon echo ...}) = 0
361342 write(8, "\33[1;31m==== AUTHENTICATING FOR o"..., 73) = 73
361337 <... pselect6 resumed>)          = 1 (in [4])
361342 write(8, "\33[0mAuthentication is required t"..., 71 <unfinished ...>
361337 futex(0xaaaab87abd10, FUTEX_WAKE_PRIVATE, 2147483647 <unfinished ...>
361342 <... write resumed>)             = 71
361337 <... futex resumed>)             = 1
361333 <... futex resumed>)             = 0
361342 socket(AF_UNIX, SOCK_STREAM|SOCK_CLOEXEC|SOCK_NONBLOCK, 0 <unfinished ...>
361337 pselect6(6, [5], [], [], NULL, NULL <unfinished ...>
361342 <... socket resumed>)            = 10
361333 futex(0xffff9cd487c0, FUTEX_WAKE_PRIVATE, 1 <unfinished ...>
361342 connect(10, {sa_family=AF_UNIX, sun_path="/var/run/nscd/socket"}, 110 <unfinished ...>
361333 <... futex resumed>)             = 0
361333 read(4,  <unfinished ...>
361342 <... connect resumed>)           = -1 ENOENT (No such file or directory)
361333 <... read resumed>"\33[1;31m==== AUTHENTICATING FOR o"..., 4096) = 146
361342 close(10 <unfinished ...>
361333 write(1, "\33[1;31m==== AUTHENTICATING FOR o"..., 146 <unfinished ...>
361342 <... close resumed>)             = 0
361333 <... write resumed>)             = 146
361333 write(6, "\0", 1 <unfinished ...>
361342 socket(AF_UNIX, SOCK_STREAM|SOCK_CLOEXEC|SOCK_NONBLOCK, 0 <unfinished ...>
361337 <... pselect6 resumed>)          = 1 (in [5])
361333 <... write resumed>)             = 1
361342 <... socket resumed>)            = 10
