324594 futex(0xffff9a3b8f20, FUTEX_WAKE_PRIVATE, 2147483647) = 0
324594 futex(0xffff9a3b8f20, FUTEX_WAKE_PRIVATE, 2147483647) = 0
324594 futex(0xffff9a3b8f20, FUTEX_WAKE_PRIVATE, 2147483647) = 0
324594 futex(0xffff9a3b8f20, FUTEX_WAKE_PRIVATE, 2147483647) = 0
324594 futex(0xffff9a3b8f20, FUTEX_WAKE_PRIVATE, 2147483647) = 0
324593 mprotect(0xffffb976e000, 167936, PROT_READ <unfinished ...>
324594 futex(0xffff9a3b8f20, FUTEX_WAKE_PRIVATE, 2147483647 <unfinished ...>
324593 <... mprotect resumed>)          = 0
324594 <... futex resumed>)             = 0
324593 mprotect(0xffffb9974000, 4096, PROT_READ <unfinished ...>
324594 futex(0xffff9a3b8f20, FUTEX_WAKE_PRIVATE, 2147483647 <unfinished ...>
324593 <... mprotect resumed>)          = 0
324594 <... futex resumed>)             = 0
324593 mprotect(0xffffb98f5000, 4096, PROT_READ <unfinished ...>
324594 futex(0xffff9a3b8f20, FUTEX_WAKE_PRIVATE, 2147483647 <unfinished ...>
324593 <... mprotect resumed>)          = 0
324594 <... futex resumed>)             = 0
324594 futex(0xffff9a3b8f20, FUTEX_WAKE_PRIVATE, 2147483647 <unfinished ...>
324593 mprotect(0xffffb9817000, 4096, PROT_READ <unfinished ...>
324594 <... futex resumed>)             = 0
324593 <... mprotect resumed>)          = 0
324594 futex(0xffff9a3b8f20, FUTEX_WAKE_PRIVATE, 2147483647) = 0
324593 mprotect(0xffffb9835000, 4096, PROT_READ <unfinished ...>
324594 futex(0xffff9a3b8f20, FUTEX_WAKE_PRIVATE, 2147483647 <unfinished ...>
324593 <... mprotect resumed>)          = 0
324594 <... futex resumed>)             = 0
324593 mprotect(0xffffb9932000, 4096, PROT_READ <unfinished ...>
324594 futex(0xffff9a3b8f20, FUTEX_WAKE_PRIVATE, 2147483647 <unfinished ...>
324593 <... mprotect resumed>)          = 0
324594 <... futex resumed>)             = 0
324593 mprotect(0xffffb99c6000, 106496, PROT_READ <unfinished ...>
324594 futex(0xffff9a3b8f20, FUTEX_WAKE_PRIVATE, 2147483647 <unfinished ...>
324593 <... mprotect resumed>)          = 0
324594 <... futex resumed>)             = 0
324593 mprotect(0xffffb9a00000, 4096, PROT_READ <unfinished ...>
324594 futex(0xffff9a3b8f20, FUTEX_WAKE_PRIVATE, 2147483647 <unfinished ...>
324593 <... mprotect resumed>)          = 0
324594 <... futex resumed>)             = 0
324593 mprotect(0xffffb9a2d000, 4096, PROT_READ) = 0
324594 futex(0xffff9a3b8f20, FUTEX_WAKE_PRIVATE, 2147483647) = 0
324594 futex(0xffff9a3b8f20, FUTEX_WAKE_PRIVATE, 2147483647 <unfinished ...>
324593 mprotect(0xffffb9d6e000, 20480, PROT_READ <unfinished ...>
324594 <... futex resumed>)             = 0
324594 futex(0xffff9a3b8f20, FUTEX_WAKE_PRIVATE, 2147483647 <unfinished ...>
324593 <... mprotect resumed>)          = 0
324594 <... futex resumed>)             = 0
324594 futex(0xffff9a3b8f20, FUTEX_WAKE_PRIVATE, 2147483647) = 0
324593 mprotect(0xffffb9a9c000, 8192, PROT_READ <unfinished ...>
324594 futex(0xffff9a3b8f20, FUTEX_WAKE_PRIVATE, 2147483647 <unfinished ...>
324593 <... mprotect resumed>)          = 0
324594 <... futex resumed>)             = 0
324593 mprotect(0xffffb9acc000, 4096, PROT_READ <unfinished ...>
324594 futex(0xffff9a3b8f20, FUTEX_WAKE_PRIVATE, 2147483647 <unfinished ...>
324593 <... mprotect resumed>)          = 0
324594 <... futex resumed>)             = 0
324594 futex(0xffff9a3b8f20, FUTEX_WAKE_PRIVATE, 2147483647 <unfinished ...>
324593 mprotect(0xffffb9af7000, 4096, PROT_READ <unfinished ...>
324594 <... futex resumed>)             = 0
324593 <... mprotect resumed>)          = 0
324594 socket(AF_UNIX, SOCK_STREAM|SOCK_CLOEXEC, 0 <unfinished ...>
324593 mprotect(0xffffb9b16000, 4096, PROT_READ) = 0
324594 <... socket resumed>)            = 6
324594 fcntl(6, F_GETFL <unfinished ...>
324593 mprotect(0xffffb9b4c000, 4096, PROT_READ <unfinished ...>
324594 <... fcntl resumed>)             = 0x2 (flags O_RDWR)
324593 <... mprotect resumed>)          = 0
324594 fcntl(6, F_SETFL, O_RDWR|O_NONBLOCK) = 0
324593 mprotect(0xffffb9c15000, 8192, PROT_READ <unfinished ...>
324594 futex(0xffff9a3b8f20, FUTEX_WAKE_PRIVATE, 2147483647 <unfinished ...>
324593 <... mprotect resumed>)          = 0
324594 <... futex resumed>)             = 0
324594 futex(0xffff9a3b8f20, FUTEX_WAKE_PRIVATE, 2147483647) = 0
324594 futex(0xffff9a3b8f20, FUTEX_WAKE_PRIVATE, 2147483647 <unfinished ...>
324593 mprotect(0xffffb9c97000, 8192, PROT_READ <unfinished ...>
324594 <... futex resumed>)             = 0
324593 <... mprotect resumed>)          = 0
324593 mprotect(0xffffb9cdf000, 4096, PROT_READ <unfinished ...>
324594 connect(6, {sa_family=AF_UNIX, sun_path="/var/run/dbus/system_bus_socket"}, 110 <unfinished ...>
324593 <... mprotect resumed>)          = 0
324594 <... connect resumed>)           = 0
324593 mprotect(0xffffb9d05000, 4096, PROT_READ <unfinished ...>
324594 futex(0xffff9a3b8f20, FUTEX_WAKE_PRIVATE, 2147483647 <unfinished ...>
324593 <... mprotect resumed>)          = 0
324594 <... futex resumed>)             = 0
324593 mprotect(0xffffb9d97000, 4096, PROT_READ <unfinished ...>
324594 futex(0xffff9a3b8f20, FUTEX_WAKE_PRIVATE, 2147483647 <unfinished ...>
324593 <... mprotect resumed>)          = 0
324594 <... futex resumed>)             = 0
324594 futex(0xffff9a3b8f20, FUTEX_WAKE_PRIVATE, 2147483647) = 0
324594 futex(0xffff9a3b8f20, FUTEX_WAKE_PRIVATE, 2147483647) = 0
324594 futex(0xffff9a3b8f20, FUTEX_WAKE_PRIVATE, 2147483647) = 0
324594 futex(0xffff9a3b8f20, FUTEX_WAKE_PRIVATE, 2147483647) = 0
324593 mprotect(0xffffb9ff4000, 61440, PROT_READ <unfinished ...>
324594 futex(0xffff9a3b8f20, FUTEX_WAKE_PRIVATE, 2147483647 <unfinished ...>
324593 <... mprotect resumed>)          = 0
324594 <... futex resumed>)             = 0
324593 mprotect(0xaaaacffd7000, 4096, PROT_READ <unfinished ...>
324594 futex(0xffff9a3b8f20, FUTEX_WAKE_PRIVATE, 2147483647 <unfinished ...>
324593 <... mprotect resumed>)          = 0
324594 <... futex resumed>)             = 0
324593 mprotect(0xffffba20e000, 8192, PROT_READ <unfinished ...>
324594 futex(0xffff9a3b8f20, FUTEX_WAKE_PRIVATE, 2147483647 <unfinished ...>
324593 <... mprotect resumed>)          = 0
324594 <... futex resumed>)             = 0
324593 prlimit64(0, RLIMIT_STACK, NULL,  <unfinished ...>
324594 futex(0xffff9a3b8f20, FUTEX_WAKE_PRIVATE, 2147483647 <unfinished ...>
324593 <... prlimit64 resumed>{rlim_cur=8192*1024, rlim_max=RLIM64_INFINITY}) = 0
324594 <... futex resumed>)             = 0
324593 munmap(0xffffba1bf000, 85175 <unfinished ...>
324594 futex(0xffff9a3b8f20, FUTEX_WAKE_PRIVATE, 2147483647 <unfinished ...>
324593 <... munmap resumed>)            = 0
324594 <... futex resumed>)             = 0
324594 futex(0xffff9a3b8f20, FUTEX_WAKE_PRIVATE, 2147483647 <unfinished ...>
324593 getrandom( <unfinished ...>
324594 <... futex resumed>)             = 0
324593 <... getrandom resumed>"\x14\x79\x0f\x26\x6f\xd4\xc7\x80", 8, GRND_NONBLOCK) = 8
324594 futex(0xffff9a3b8f20, FUTEX_WAKE_PRIVATE, 2147483647 <unfinished ...>
324593 brk(NULL <unfinished ...>
324594 <... futex resumed>)             = 0
324593 <... brk resumed>)               = 0xaaaaf4530000
324594 futex(0xffff9a3b8f20, FUTEX_WAKE_PRIVATE, 2147483647 <unfinished ...>
324593 brk(0xaaaaf4551000 <unfinished ...>
324594 <... futex resumed>)             = 0
324593 <... brk resumed>)               = 0xaaaaf4551000
324594 futex(0xffff9a3b8f20, FUTEX_WAKE_PRIVATE, 2147483647 <unfinished ...>
324593 rt_sigprocmask(SIG_SETMASK, ~[ILL TRAP BUS FPE SEGV RTMIN RT_1],  <unfinished ...>
324594 <... futex resumed>)             = 0
324593 <... rt_sigprocmask resumed>[], 8) = 0
324594 futex(0xffff9a3b8f20, FUTEX_WAKE_PRIVATE, 2147483647 <unfinished ...>
324593 rt_sigaction(SIGILL, {sa_handler=0xffffb958d4a8, sa_mask=~[ILL TRAP BUS FPE SEGV RTMIN RT_1], sa_flags=0},  <unfinished ...>
324594 <... futex resumed>)             = 0
324593 <... rt_sigaction resumed>{sa_handler=SIG_DFL, sa_mask=[], sa_flags=0}, 8) = 0
324594 futex(0xffff9a3b8f20, FUTEX_WAKE_PRIVATE, 2147483647 <unfinished ...>
324593 rt_sigprocmask(SIG_BLOCK, NULL,  <unfinished ...>
324594 <... futex resumed>)             = 0
324593 <... rt_sigprocmask resumed>~[ILL TRAP BUS FPE KILL SEGV STOP RTMIN RT_1], 8) = 0
324594 futex(0xffff9a3b8f20, FUTEX_WAKE_PRIVATE, 2147483647 <unfinished ...>
324593 rt_sigaction(SIGILL, {sa_handler=SIG_DFL, sa_mask=[], sa_flags=0},  <unfinished ...>
324594 <... futex resumed>)             = 0
324593 <... rt_sigaction resumed>NULL, 8) = 0
324594 futex(0xffff9a3b8f20, FUTEX_WAKE_PRIVATE, 2147483647 <unfinished ...>
324593 rt_sigprocmask(SIG_SETMASK, [],  <unfinished ...>
324594 <... futex resumed>)             = 0
324593 <... rt_sigprocmask resumed>NULL, 8) = 0
324594 getpid( <unfinished ...>
324593 statfs("/sys/fs/selinux",  <unfinished ...>
324594 <... getpid resumed>)            = 324594
324593 <... statfs resumed>0xfffffc7cdaf0) = -1 ENOENT (No such file or directory)
324594 geteuid( <unfinished ...>
324593 statfs("/selinux",  <unfinished ...>
324594 <... geteuid resumed>)           = 1000
324593 <... statfs resumed>0xfffffc7cdaf0) = -1 ENOENT (No such file or directory)
324594 getegid( <unfinished ...>
324593 openat(AT_FDCWD, "/proc/filesystems", O_RDONLY|O_CLOEXEC <unfinished ...>
324594 <... getegid resumed>)           = 1000
324594 getpid( <unfinished ...>
324593 <... openat resumed>)            = 3
324594 <... getpid resumed>)            = 324594
324593 newfstatat(3, "",  <unfinished ...>
324594 geteuid( <unfinished ...>
324593 <... newfstatat resumed>{st_mode=S_IFREG|0444, st_size=0, ...}, AT_EMPTY_PATH) = 0
324594 <... geteuid resumed>)           = 1000
324593 read(3,  <unfinished ...>
324594 getegid( <unfinished ...>
324593 <... read resumed>"nodev\tsysfs\nnodev\ttmpfs\nnodev\tbd"..., 1024) = 394
324594 <... getegid resumed>)           = 1000
324593 read(3,  <unfinished ...>
324594 futex(0xffff9a3b8f20, FUTEX_WAKE_PRIVATE, 2147483647 <unfinished ...>
324593 <... read resumed>"", 1024)      = 0
324594 <... futex resumed>)             = 0
324593 close(3 <unfinished ...>
324594 futex(0xffff9a3b8f20, FUTEX_WAKE_PRIVATE, 2147483647 <unfinished ...>
324593 <... close resumed>)             = 0
324594 <... futex resumed>)             = 0
324593 faccessat(AT_FDCWD, "/etc/selinux/config", F_OK <unfinished ...>
324594 sendmsg(6, {msg_name=NULL, msg_namelen=0, msg_iov=[{iov_base="\0", iov_len=1}], msg_iovlen=1, msg_control=[{cmsg_len=28, cmsg_level=SOL_SOCKET, cmsg_type=SCM_CREDENTIALS, cmsg_data={pid=324594, uid=1000, gid=1000}}], msg_controllen=32, msg_flags=0}, MSG_NOSIGNAL <unfinished ...>
324593 <... faccessat resumed>)         = -1 ENOENT (No such file or directory)
324594 <... sendmsg resumed>)           = 1
324594 sendto(6, "AUTH\r\n", 6, MSG_NOSIGNAL, NULL, 0 <unfinished ...>
324593 prctl(PR_CAPBSET_READ, CAP_MAC_OVERRIDE <unfinished ...>
324594 <... sendto resumed>)            = 6
324593 <... prctl resumed>)             = 1
324594 recvfrom(6,  <unfinished ...>
324593 prctl(PR_CAPBSET_READ, 0x30 /* CAP_??? */ <unfinished ...>
324594 <... recvfrom resumed>"REJECTED EXTERNAL\r\n", 4096, 0, NULL, NULL) = 19
324593 <... prctl resumed>)             = -1 EINVAL (Invalid argument)
324593 prctl(PR_CAPBSET_READ, 0x28 /* CAP_??? */ <unfinished ...>
324594 sendto(6, "AUTH EXTERNAL 31303030\r\n", 24, MSG_NOSIGNAL, NULL, 0 <unfinished ...>
324593 <... prctl resumed>)             = -1 EINVAL (Invalid argument)
324594 <... sendto resumed>)            = 24
324593 prctl(PR_CAPBSET_READ, CAP_BLOCK_SUSPEND <unfinished ...>
324594 recvfrom(6,  <unfinished ...>
324593 <... prctl resumed>)             = 1
324594 <... recvfrom resumed>"OK 50e2bf1f63f567f7a1f6a4bb64a74"..., 4096, 0, NULL, NULL) = 37
324593 prctl(PR_CAPBSET_READ, 0x26 /* CAP_??? */ <unfinished ...>
324594 sendto(6, "NEGOTIATE_UNIX_FD\r\n", 19, MSG_NOSIGNAL, NULL, 0 <unfinished ...>
324593 <... prctl resumed>)             = -1 EINVAL (Invalid argument)
324594 <... sendto resumed>)            = 19
324593 prctl(PR_CAPBSET_READ, CAP_AUDIT_READ <unfinished ...>
324594 recvfrom(6,  <unfinished ...>
324593 <... prctl resumed>)             = 1
324594 <... recvfrom resumed>"AGREE_UNIX_FD\r\n", 4096, 0, NULL, NULL) = 15
324593 getpid( <unfinished ...>
324594 sendto(6, "BEGIN\r\n", 7, MSG_NOSIGNAL, NULL, 0 <unfinished ...>
324593 <... getpid resumed>)            = 324593
324594 <... sendto resumed>)            = 7
324593 openat(AT_FDCWD, "/proc/self/stat", O_RDONLY|O_CLOEXEC <unfinished ...>
324594 futex(0xffff9a3b8f20, FUTEX_WAKE_PRIVATE, 2147483647 <unfinished ...>
324593 <... openat resumed>)            = 3
324594 <... futex resumed>)             = 0
324593 newfstatat(3, "",  <unfinished ...>
324594 eventfd2(0, EFD_CLOEXEC|EFD_NONBLOCK <unfinished ...>
324593 <... newfstatat resumed>{st_mode=S_IFREG|0444, st_size=0, ...}, AT_EMPTY_PATH) = 0
324594 <... eventfd2 resumed>)          = 7
324593 read(3,  <unfinished ...>
324594 write(7, "\1\0\0\0\0\0\0\0", 8 <unfinished ...>
324593 <... read resumed>"324593 (systemd-tty-ask) R 32458"..., 1024) = 335
324594 <... write resumed>)             = 8
324593 ioctl(3, TCGETS <unfinished ...>
324594 mmap(NULL, 8454144, PROT_NONE, MAP_PRIVATE|MAP_ANONYMOUS|MAP_STACK, -1, 0 <unfinished ...>
324593 <... ioctl resumed>, 0xfffffc7cd8c0) = -1 ENOTTY (Inappropriate ioctl for device)
324594 <... mmap resumed>)              = 0xffff988e0000
324593 read(3,  <unfinished ...>
324594 mprotect(0xffff988f0000, 8388608, PROT_READ|PROT_WRITE <unfinished ...>
324593 <... read resumed>"", 1024)      = 0
324594 <... mprotect resumed>)          = 0
324593 close(3 <unfinished ...>
324594 rt_sigprocmask(SIG_BLOCK, ~[],  <unfinished ...>
324593 <... close resumed>)             = 0
324594 <... rt_sigprocmask resumed>[], 8) = 0
324593 ioctl(2, TCGETS <unfinished ...>
324594 clone(child_stack=0xffff990ee7e0, flags=CLONE_VM|CLONE_FS|CLONE_FILES|CLONE_SIGHAND|CLONE_THREAD|CLONE_SYSVSEM|CLONE_SETTLS|CLONE_PARENT_SETTID|CLONE_CHILD_CLEARTID <unfinished ...>
324593 <... ioctl resumed>, {B38400 opost isig icanon echo ...}) = 0
324593 umask(022 <unfinished ...>
324594 <... clone resumed>, parent_tid=[324596], tls=0xffff990ef760, child_tidptr=0xffff990ef070) = 324596
324593 <... umask resumed>)             = 002
324594 rt_sigprocmask(SIG_SETMASK, [],  <unfinished ...>
324593 openat(AT_FDCWD, "/proc/self/stat", O_RDONLY|O_CLOEXEC <unfinished ...>
324594 <... rt_sigprocmask resumed>NULL, 8) = 0
324593 <... openat resumed>)            = 3
324594 futex(0xffff9a3b8f20, FUTEX_WAKE_PRIVATE, 2147483647 <unfinished ...>
324593 newfstatat(3, "",  <unfinished ...>
324594 <... futex resumed>)             = 0
324593 <... newfstatat resumed>{st_mode=S_IFREG|0444, st_size=0, ...}, AT_EMPTY_PATH) = 0
324594 futex(0xffff9a3b8f20, FUTEX_WAKE_PRIVATE, 2147483647 <unfinished ...>
324593 read(3,  <unfinished ...>
324594 <... futex resumed>)             = 0
324593 <... read resumed>"324593 (systemd-tty-ask) R 32458"..., 1024) = 335
324594 eventfd2(0, EFD_CLOEXEC|EFD_NONBLOCK <unfinished ...>
324593 ioctl(3, TCGETS <unfinished ...>
324596 rseq(0xffff990ef740, 0x20, 0, 0xd428bc00 <unfinished ...>
324594 <... eventfd2 resumed>)          = 8
324593 <... ioctl resumed>, 0xfffffc7cd5f0) = -1 ENOTTY (Inappropriate ioctl for device)
324596 <... rseq resumed>)              = 0
324594 write(8, "\1\0\0\0\0\0\0\0", 8 <unfinished ...>
324596 set_robust_list(0xffff990ef080, 24 <unfinished ...>
324593 read(3,  <unfinished ...>
324594 <... write resumed>)             = 8
324596 <... set_robust_list resumed>)   = 0
324593 <... read resumed>"", 1024)      = 0
324596 rt_sigprocmask(SIG_SETMASK, [],  <unfinished ...>
324593 close(3 <unfinished ...>
324596 <... rt_sigprocmask resumed>NULL, 8) = 0
324594 ppoll([{fd=8, events=POLLIN}], 1, {tv_sec=25, tv_nsec=0}, NULL, 0 <unfinished ...>
324593 <... close resumed>)             = 0
324596 prctl(PR_SET_NAME, "gdbus" <unfinished ...>
324594 <... ppoll resumed>)             = 1 ([{fd=8, revents=POLLIN}], left {tv_sec=24, tv_nsec=999990703})
324596 <... prctl resumed>)             = 0
324593 newfstatat(AT_FDCWD, "/run/systemd/ask-password-block",  <unfinished ...>
324596 mmap(NULL, 134217728, PROT_NONE, MAP_PRIVATE|MAP_ANONYMOUS|MAP_NORESERVE, -1, 0 <unfinished ...>
324594 read(8,  <unfinished ...>
324596 <... mmap resumed>)              = 0xffff8c000000
324593 <... newfstatat resumed>{st_mode=S_IFDIR|0700, st_size=80, ...}, 0) = 0
324594 <... read resumed>"\1\0\0\0\0\0\0\0", 16) = 8
324596 munmap(0xffff90000000, 67108864 <unfinished ...>
324593 mknodat(AT_FDCWD, "/run/systemd/ask-password-block/136:7", S_IFIFO|0600 <unfinished ...>
324596 <... munmap resumed>)            = 0
324594 ppoll([{fd=8, events=POLLIN}], 1, {tv_sec=25, tv_nsec=0}, NULL, 0 <unfinished ...>
324596 mprotect(0xffff8c000000, 135168, PROT_READ|PROT_WRITE <unfinished ...>
324593 <... mknodat resumed>)           = -1 EACCES (Permission denied)
324596 <... mprotect resumed>)          = 0
324593 openat(AT_FDCWD, "/run/systemd/ask-password-block/136:7", O_RDONLY|O_NOCTTY|O_NONBLOCK|O_CLOEXEC <unfinished ...>
324596 ppoll([{fd=7, events=POLLIN}], 1, {tv_sec=0, tv_nsec=0}, NULL, 0 <unfinished ...>
324593 <... openat resumed>)            = -1 EACCES (Permission denied)
324596 <... ppoll resumed>)             = 1 ([{fd=7, revents=POLLIN}], left {tv_sec=0, tv_nsec=0})
324593 newfstatat(AT_FDCWD, "/run/systemd",  <unfinished ...>
324596 read(7,  <unfinished ...>
324593 <... newfstatat resumed>{st_mode=S_IFDIR|0755, st_size=580, ...}, 0) = 0
324596 <... read resumed>"\1\0\0\0\0\0\0\0", 16) = 8
324593 mkdirat(AT_FDCWD, "/run/systemd/ask-password", 0755 <unfinished ...>
324596 ppoll([{fd=6, events=POLLIN}], 1, {tv_sec=0, tv_nsec=0}, NULL, 0 <unfinished ...>
324593 <... mkdirat resumed>)           = -1 EEXIST (File exists)
324596 <... ppoll resumed>)             = 0 (Timeout)
324593 newfstatat(AT_FDCWD, "/run/systemd/ask-password",  <unfinished ...>
324596 write(7, "\1\0\0\0\0\0\0\0", 8 <unfinished ...>
324593 <... newfstatat resumed>{st_mode=S_IFDIR|0755, st_size=40, ...}, 0) = 0
324596 <... write resumed>)             = 8
324593 rt_sigprocmask(SIG_SETMASK, [TERM],  <unfinished ...>
324596 sendmsg(6, {msg_name=NULL, msg_namelen=0, msg_iov=[{iov_base="l\1\0\1\0\0\0\0\1\0\0\0n\0\0\0\1\1o\0\25\0\0\0/org/fre"..., iov_len=128}], msg_iovlen=1, msg_controllen=0, msg_flags=0}, MSG_NOSIGNAL <unfinished ...>
324593 <... rt_sigprocmask resumed>NULL, 8) = 0
324596 <... sendmsg resumed>)           = 128
324593 signalfd4(-1, [TERM], 8, SFD_CLOEXEC|SFD_NONBLOCK <unfinished ...>
324596 ppoll([{fd=6, events=POLLIN}, {fd=7, events=POLLIN}], 2, {tv_sec=0, tv_nsec=0}, NULL, 0 <unfinished ...>
324593 <... signalfd4 resumed>)         = 3
324596 <... ppoll resumed>)             = 1 ([{fd=7, revents=POLLIN}], left {tv_sec=0, tv_nsec=0})
324593 inotify_init1(IN_CLOEXEC <unfinished ...>
324596 read(7,  <unfinished ...>
324593 <... inotify_init1 resumed>)     = 4
324596 <... read resumed>"\1\0\0\0\0\0\0\0", 16) = 8
324593 inotify_add_watch(4, "/run/systemd/ask-password", IN_CLOSE_WRITE|IN_MOVED_TO <unfinished ...>
324596 ppoll([{fd=6, events=POLLIN}, {fd=7, events=POLLIN}], 2, NULL, NULL, 0 <unfinished ...>
324593 <... inotify_add_watch resumed>) = 1
324593 openat(AT_FDCWD, "/run/systemd/ask-password", O_RDONLY|O_NONBLOCK|O_CLOEXEC|O_DIRECTORY <unfinished ...>
324596 <... ppoll resumed>)             = 1 ([{fd=6, revents=POLLIN}])
324593 <... openat resumed>)            = 5
324596 write(7, "\1\0\0\0\0\0\0\0", 8 <unfinished ...>
324593 newfstatat(5, "",  <unfinished ...>
324596 <... write resumed>)             = 8
324593 <... newfstatat resumed>{st_mode=S_IFDIR|0755, st_size=40, ...}, AT_EMPTY_PATH) = 0
324596 recvmsg(6,  <unfinished ...>
324593 getdents64(5 <unfinished ...>
324596 <... recvmsg resumed>{msg_name=NULL, msg_namelen=0, msg_iov=[{iov_base="l\2\1\1\v\0\0\0\1\0\0\0=\0\0\0", iov_len=16}], msg_iovlen=1, msg_controllen=0, msg_flags=MSG_CMSG_CLOEXEC}, MSG_CMSG_CLOEXEC) = 16
324593 <... getdents64 resumed>, /* 2 entries */, 32768) = 48
324596 ppoll([{fd=6, events=POLLIN}], 1, {tv_sec=0, tv_nsec=0}, NULL, 0 <unfinished ...>
324593 getdents64(5 <unfinished ...>
324596 <... ppoll resumed>)             = 1 ([{fd=6, revents=POLLIN}], left {tv_sec=0, tv_nsec=0})
324593 <... getdents64 resumed>, /* 0 entries */, 32768) = 0
324596 recvmsg(6,  <unfinished ...>
324593 close(5 <unfinished ...>
324596 <... recvmsg resumed>{msg_name=NULL, msg_namelen=0, msg_iov=[{iov_base="\6\1s\0\6\0\0\0:1.716\0\0\5\1u\0\1\0\0\0\10\1g\0\1s\0\0"..., iov_len=75}], msg_iovlen=1, msg_controllen=0, msg_flags=MSG_CMSG_CLOEXEC}, MSG_CMSG_CLOEXEC) = 75
324593 <... close resumed>)             = 0
324596 write(7, "\1\0\0\0\0\0\0\0", 8 <unfinished ...>
324593 ppoll([{fd=3, events=POLLIN}, {fd=4, events=POLLIN}], 2, NULL, NULL, 0 <unfinished ...>
324596 <... write resumed>)             = 8
324596 write(7, "\1\0\0\0\0\0\0\0", 8)  = 8
324596 ppoll([{fd=7, events=POLLIN}], 1, {tv_sec=0, tv_nsec=0}, NULL, 0) = 1 ([{fd=7, revents=POLLIN}], left {tv_sec=0, tv_nsec=0})
324596 read(7, "\3\0\0\0\0\0\0\0", 16)  = 8
324596 write(8, "\1\0\0\0\0\0\0\0", 8)  = 8
324594 <... ppoll resumed>)             = 1 ([{fd=8, revents=POLLIN}], left {tv_sec=24, tv_nsec=996068526})
324596 ppoll([{fd=6, events=POLLIN}], 1, {tv_sec=0, tv_nsec=0}, NULL, 0 <unfinished ...>
324594 read(8,  <unfinished ...>
324596 <... ppoll resumed>)             = 1 ([{fd=6, revents=POLLIN}], left {tv_sec=0, tv_nsec=0})
324594 <... read resumed>"\1\0\0\0\0\0\0\0", 16) = 8
324596 recvmsg(6,  <unfinished ...>
324594 write(8, "\1\0\0\0\0\0\0\0", 8 <unfinished ...>
324596 <... recvmsg resumed>{msg_name=NULL, msg_namelen=0, msg_iov=[{iov_base="l\4\1\1\v\0\0\0\2\0\0\0\215\0\0\0", iov_len=16}], msg_iovlen=1, msg_controllen=0, msg_flags=MSG_CMSG_CLOEXEC}, MSG_CMSG_CLOEXEC) = 16
324594 <... write resumed>)             = 8
324596 ppoll([{fd=7, events=POLLIN}], 1, {tv_sec=0, tv_nsec=0}, NULL, 0 <unfinished ...>
324594 futex(0xaaab05852c90, FUTEX_WAKE_PRIVATE, 2147483647 <unfinished ...>
324596 <... ppoll resumed>)             = 0 (Timeout)
324594 <... futex resumed>)             = 0
324596 ppoll([{fd=6, events=POLLIN}], 1, {tv_sec=0, tv_nsec=0}, NULL, 0 <unfinished ...>
324594 close(8 <unfinished ...>
324596 <... ppoll resumed>)             = 1 ([{fd=6, revents=POLLIN}], left {tv_sec=0, tv_nsec=0})
324594 <... close resumed>)             = 0
324596 recvmsg(6, {msg_name=NULL, msg_namelen=0, msg_iov=[{iov_base="\1\1o\0\25\0\0\0/org/freedesktop/DBus\0\0\0"..., iov_len=155}], msg_iovlen=1, msg_controllen=0, msg_flags=MSG_CMSG_CLOEXEC}, MSG_CMSG_CLOEXEC) = 155
324596 futex(0xaaab05852770, FUTEX_WAIT_PRIVATE, 2, NULL <unfinished ...>
324594 write(7, "\1\0\0\0\0\0\0\0", 8)  = 8
324594 futex(0xaaab05852770, FUTEX_WAKE_PRIVATE, 1 <unfinished ...>
324596 <... futex resumed>)             = 0
324594 <... futex resumed>)             = 1
324596 futex(0xaaab05852770, FUTEX_WAKE_PRIVATE, 1) = 0
324594 write(7, "\1\0\0\0\0\0\0\0", 8 <unfinished ...>
324596 futex(0xaaab05852770, FUTEX_WAIT_PRIVATE, 2, NULL <unfinished ...>
324594 <... write resumed>)             = 8
324594 futex(0xaaab05852770, FUTEX_WAKE_PRIVATE, 1 <unfinished ...>
324596 <... futex resumed>)             = 0
324594 <... futex resumed>)             = 1
324596 futex(0xaaab05852770, FUTEX_WAKE_PRIVATE, 1) = 0
324596 futex(0xaaab05852770, FUTEX_WAIT_PRIVATE, 2, NULL <unfinished ...>
324594 write(7, "\1\0\0\0\0\0\0\0", 8)  = 8
324594 futex(0xaaab05852770, FUTEX_WAKE_PRIVATE, 1 <unfinished ...>
324596 <... futex resumed>)             = 0
324594 <... futex resumed>)             = 1
324596 futex(0xaaab05852770, FUTEX_WAKE_PRIVATE, 1 <unfinished ...>
324594 eventfd2(0, EFD_CLOEXEC|EFD_NONBLOCK <unfinished ...>
324596 <... futex resumed>)             = 0
324594 <... eventfd2 resumed>)          = 8
324596 ppoll([{fd=7, events=POLLIN}], 1, {tv_sec=0, tv_nsec=0}, NULL, 0 <unfinished ...>
324594 write(8, "\1\0\0\0\0\0\0\0", 8 <unfinished ...>
324596 <... ppoll resumed>)             = 1 ([{fd=7, revents=POLLIN}], left {tv_sec=0, tv_nsec=0})
324594 <... write resumed>)             = 8
324596 read(7, "\3\0\0\0\0\0\0\0", 16)  = 8
324594 futex(0xaaab05852770, FUTEX_WAIT_PRIVATE, 2, NULL <unfinished ...>
324596 futex(0xaaab05852770, FUTEX_WAKE_PRIVATE, 1 <unfinished ...>
324594 <... futex resumed>)             = -1 EAGAIN (Resource temporarily unavailable)
324596 <... futex resumed>)             = 0
324594 write(7, "\1\0\0\0\0\0\0\0", 8 <unfinished ...>
324596 futex(0xaaab05852770, FUTEX_WAIT_PRIVATE, 2, NULL <unfinished ...>
324594 <... write resumed>)             = 8
324594 futex(0xaaab05852770, FUTEX_WAKE_PRIVATE, 1) = 1
324596 <... futex resumed>)             = 0
324594 ppoll([{fd=8, events=POLLIN}], 1, {tv_sec=25, tv_nsec=0}, NULL, 0 <unfinished ...>
324596 futex(0xaaab05852770, FUTEX_WAKE_PRIVATE, 1 <unfinished ...>
324594 <... ppoll resumed>)             = 1 ([{fd=8, revents=POLLIN}], left {tv_sec=24, tv_nsec=999993037})
324596 <... futex resumed>)             = 0
324594 read(8,  <unfinished ...>
324596 sendmsg(6, {msg_name=NULL, msg_namelen=0, msg_iov=[{iov_base="l\1\0\1\326\0\0\0\2\0\0\0y\0\0\0\1\1o\0\25\0\0\0/org/fre"..., iov_len=358}], msg_iovlen=1, msg_controllen=0, msg_flags=0}, MSG_NOSIGNAL <unfinished ...>
324594 <... read resumed>"\1\0\0\0\0\0\0\0", 16) = 8
324596 <... sendmsg resumed>)           = 358
324596 ppoll([{fd=6, events=POLLIN}], 1, {tv_sec=0, tv_nsec=0}, NULL, 0) = 0 (Timeout)
324594 ppoll([{fd=8, events=POLLIN}], 1, {tv_sec=25, tv_nsec=0}, NULL, 0 <unfinished ...>
324596 write(7, "\1\0\0\0\0\0\0\0", 8)  = 8
324596 ppoll([{fd=6, events=POLLIN}, {fd=7, events=POLLIN}], 2, {tv_sec=0, tv_nsec=0}, NULL, 0) = 2 ([{fd=6, revents=POLLIN}, {fd=7, revents=POLLIN}], left {tv_sec=0, tv_nsec=0})
324596 read(7, "\2\0\0\0\0\0\0\0", 16)  = 8
324596 sendmsg(6, {msg_name=NULL, msg_namelen=0, msg_iov=[{iov_base="l\1\0\1\224\0\0\0\3\0\0\0y\0\0\0\1\1o\0\25\0\0\0/org/fre"..., iov_len=292}], msg_iovlen=1, msg_controllen=0, msg_flags=0}, MSG_NOSIGNAL) = 292
324596 write(7, "\1\0\0\0\0\0\0\0", 8)  = 8
324596 recvmsg(6, {msg_name=NULL, msg_namelen=0, msg_iov=[{iov_base="l\2\1\1\0\0\0\0\3\0\0\0005\0\0\0", iov_len=16}], msg_iovlen=1, msg_controllen=0, msg_flags=MSG_CMSG_CLOEXEC}, MSG_CMSG_CLOEXEC) = 16
324596 ppoll([{fd=6, events=POLLIN}], 1, {tv_sec=0, tv_nsec=0}, NULL, 0) = 1 ([{fd=6, revents=POLLIN}], left {tv_sec=0, tv_nsec=0})
324596 recvmsg(6, {msg_name=NULL, msg_namelen=0, msg_iov=[{iov_base="\6\1s\0\6\0\0\0:1.716\0\0\5\1u\0\2\0\0\0\7\1s\0\24\0\0\0"..., iov_len=56}], msg_iovlen=1, msg_controllen=0, msg_flags=MSG_CMSG_CLOEXEC}, MSG_CMSG_CLOEXEC) = 56
324596 write(7, "\1\0\0\0\0\0\0\0", 8)  = 8
324596 write(7, "\1\0\0\0\0\0\0\0", 8)  = 8
324596 ppoll([{fd=7, events=POLLIN}], 1, {tv_sec=0, tv_nsec=0}, NULL, 0) = 1 ([{fd=7, revents=POLLIN}], left {tv_sec=0, tv_nsec=0})
324596 read(7, "\3\0\0\0\0\0\0\0", 16)  = 8
324596 sendmsg(6, {msg_name=NULL, msg_namelen=0, msg_iov=[{iov_base="l\1\0\1\252\0\0\0\4\0\0\0y\0\0\0\1\1o\0\25\0\0\0/org/fre"..., iov_len=314}], msg_iovlen=1, msg_controllen=0, msg_flags=0}, MSG_NOSIGNAL) = 314
324596 ppoll([{fd=6, events=POLLIN}], 1, {tv_sec=0, tv_nsec=0}, NULL, 0) = 1 ([{fd=6, revents=POLLIN}], left {tv_sec=0, tv_nsec=0})
324596 recvmsg(6, {msg_name=NULL, msg_namelen=0, msg_iov=[{iov_base="l\2\1\1\0\0\0\0\4\0\0\0005\0\0\0", iov_len=16}], msg_iovlen=1, msg_controllen=0, msg_flags=MSG_CMSG_CLOEXEC}, MSG_CMSG_CLOEXEC) = 16
324596 ppoll([{fd=7, events=POLLIN}], 1, {tv_sec=0, tv_nsec=0}, NULL, 0) = 0 (Timeout)
324596 sendmsg(6, {msg_name=NULL, msg_namelen=0, msg_iov=[{iov_base="l\1\0\1$\0\0\0\5\0\0\0\203\0\0\0\1\1o\0\25\0\0\0/org/fre"..., iov_len=188}], msg_iovlen=1, msg_controllen=0, msg_flags=0}, MSG_NOSIGNAL) = 188
324596 ppoll([{fd=6, events=POLLIN}], 1, {tv_sec=0, tv_nsec=0}, NULL, 0) = 1 ([{fd=6, revents=POLLIN}], left {tv_sec=0, tv_nsec=0})
324596 recvmsg(6, {msg_name=NULL, msg_namelen=0, msg_iov=[{iov_base="\6\1s\0\6\0\0\0:1.716\0\0\5\1u\0\3\0\0\0\7\1s\0\24\0\0\0"..., iov_len=56}], msg_iovlen=1, msg_controllen=0, msg_flags=MSG_CMSG_CLOEXEC}, MSG_CMSG_CLOEXEC) = 56
324596 ppoll([{fd=7, events=POLLIN}], 1, {tv_sec=0, tv_nsec=0}, NULL, 0) = 0 (Timeout)
324596 ppoll([{fd=6, events=POLLIN}], 1, {tv_sec=0, tv_nsec=0}, NULL, 0) = 1 ([{fd=6, revents=POLLIN}], left {tv_sec=0, tv_nsec=0})
324596 recvmsg(6, {msg_name=NULL, msg_namelen=0, msg_iov=[{iov_base="l\2\1\1\0\0\0\0\5\0\0\0005\0\0\0", iov_len=16}], msg_iovlen=1, msg_controllen=0, msg_flags=MSG_CMSG_CLOEXEC}, MSG_CMSG_CLOEXEC) = 16
324596 ppoll([{fd=7, events=POLLIN}], 1, {tv_sec=0, tv_nsec=0}, NULL, 0) = 0 (Timeout)
324596 ppoll([{fd=6, events=POLLIN}], 1, {tv_sec=0, tv_nsec=0}, NULL, 0) = 1 ([{fd=6, revents=POLLIN}], left {tv_sec=0, tv_nsec=0})
324596 recvmsg(6, {msg_name=NULL, msg_namelen=0, msg_iov=[{iov_base="\6\1s\0\6\0\0\0:1.716\0\0\5\1u\0\4\0\0\0\7\1s\0\24\0\0\0"..., iov_len=56}], msg_iovlen=1, msg_controllen=0, msg_flags=MSG_CMSG_CLOEXEC}, MSG_CMSG_CLOEXEC) = 56
324596 ppoll([{fd=7, events=POLLIN}], 1, {tv_sec=0, tv_nsec=0}, NULL, 0) = 0 (Timeout)
324596 ppoll([{fd=6, events=POLLIN}], 1, {tv_sec=0, tv_nsec=0}, NULL, 0) = 1 ([{fd=6, revents=POLLIN}], left {tv_sec=0, tv_nsec=0})
324596 recvmsg(6, {msg_name=NULL, msg_namelen=0, msg_iov=[{iov_base="l\2\1\1\4\0\0\0\6\0\0\0=\0\0\0", iov_len=16}], msg_iovlen=1, msg_controllen=0, msg_flags=MSG_CMSG_CLOEXEC}, MSG_CMSG_CLOEXEC) = 16
324596 ppoll([{fd=7, events=POLLIN}], 1, {tv_sec=0, tv_nsec=0}, NULL, 0) = 0 (Timeout)
324596 ppoll([{fd=6, events=POLLIN}], 1, {tv_sec=0, tv_nsec=0}, NULL, 0) = 1 ([{fd=6, revents=POLLIN}], left {tv_sec=0, tv_nsec=0})
324596 recvmsg(6, {msg_name=NULL, msg_namelen=0, msg_iov=[{iov_base="\6\1s\0\6\0\0\0:1.716\0\0\5\1u\0\5\0\0\0\10\1g\0\1u\0\0"..., iov_len=68}], msg_iovlen=1, msg_controllen=0, msg_flags=MSG_CMSG_CLOEXEC}, MSG_CMSG_CLOEXEC) = 68
324596 ppoll([{fd=7, events=POLLIN}], 1, {tv_sec=0, tv_nsec=0}, NULL, 0) = 0 (Timeout)
324596 write(8, "\1\0\0\0\0\0\0\0", 8)  = 8
324594 <... ppoll resumed>)             = 1 ([{fd=8, revents=POLLIN}], left {tv_sec=24, tv_nsec=993737787})
324596 ppoll([{fd=6, events=POLLIN}], 1, {tv_sec=0, tv_nsec=0}, NULL, 0 <unfinished ...>
324594 read(8,  <unfinished ...>
324596 <... ppoll resumed>)             = 0 (Timeout)
324594 <... read resumed>"\1\0\0\0\0\0\0\0", 16) = 8
324596 write(7, "\1\0\0\0\0\0\0\0", 8)  = 8
324594 futex(0xaaab05852770, FUTEX_WAIT_PRIVATE, 2, NULL <unfinished ...>
324596 futex(0xaaab05852770, FUTEX_WAKE_PRIVATE, 1 <unfinished ...>
324594 <... futex resumed>)             = -1 EAGAIN (Resource temporarily unavailable)
324596 <... futex resumed>)             = 0
324594 write(7, "\1\0\0\0\0\0\0\0", 8 <unfinished ...>
324596 futex(0xaaab05852770, FUTEX_WAIT_PRIVATE, 2, NULL <unfinished ...>
324594 <... write resumed>)             = 8
324594 futex(0xaaab05852770, FUTEX_WAKE_PRIVATE, 1 <unfinished ...>
324596 <... futex resumed>)             = 0
324594 <... futex resumed>)             = 1
324596 futex(0xaaab05852770, FUTEX_WAKE_PRIVATE, 1 <unfinished ...>
324594 ppoll([{fd=8, events=POLLIN}], 1, {tv_sec=25, tv_nsec=0}, NULL, 0 <unfinished ...>
324596 <... futex resumed>)             = 0
324596 ppoll([{fd=6, events=POLLIN}, {fd=7, events=POLLIN}], 2, {tv_sec=0, tv_nsec=0}, NULL, 0) = 1 ([{fd=7, revents=POLLIN}], left {tv_sec=0, tv_nsec=0})
324596 read(7, "\2\0\0\0\0\0\0\0", 16)  = 8
324596 sendmsg(6, {msg_name=NULL, msg_namelen=0, msg_iov=[{iov_base="l\1\0\1\37\0\0\0\6\0\0\0}\0\0\0\1\1o\0\25\0\0\0/org/fre"..., iov_len=175}], msg_iovlen=1, msg_controllen=0, msg_flags=0}, MSG_NOSIGNAL) = 175
324596 ppoll([{fd=6, events=POLLIN}, {fd=7, events=POLLIN}], 2, {tv_sec=0, tv_nsec=0}, NULL, 0) = 0 (Timeout)
324596 ppoll([{fd=6, events=POLLIN}, {fd=7, events=POLLIN}], 2, NULL, NULL, 0) = 1 ([{fd=6, revents=POLLIN}])
324596 write(7, "\1\0\0\0\0\0\0\0", 8)  = 8
324596 recvmsg(6, {msg_name=NULL, msg_namelen=0, msg_iov=[{iov_base="l\2\1\1\t\0\0\0\7\0\0\0=\0\0\0", iov_len=16}], msg_iovlen=1, msg_controllen=0, msg_flags=MSG_CMSG_CLOEXEC}, MSG_CMSG_CLOEXEC) = 16
324596 ppoll([{fd=6, events=POLLIN}], 1, {tv_sec=0, tv_nsec=0}, NULL, 0) = 1 ([{fd=6, revents=POLLIN}], left {tv_sec=0, tv_nsec=0})
324596 recvmsg(6, {msg_name=NULL, msg_namelen=0, msg_iov=[{iov_base="\6\1s\0\6\0\0\0:1.716\0\0\5\1u\0\6\0\0\0\10\1g\0\1s\0\0"..., iov_len=73}], msg_iovlen=1, msg_controllen=0, msg_flags=MSG_CMSG_CLOEXEC}, MSG_CMSG_CLOEXEC) = 73
324596 write(7, "\1\0\0\0\0\0\0\0", 8)  = 8
324596 write(7, "\1\0\0\0\0\0\0\0", 8)  = 8
324596 ppoll([{fd=7, events=POLLIN}], 1, {tv_sec=0, tv_nsec=0}, NULL, 0) = 1 ([{fd=7, revents=POLLIN}], left {tv_sec=0, tv_nsec=0})
324596 read(7, "\3\0\0\0\0\0\0\0", 16)  = 8
324596 write(8, "\1\0\0\0\0\0\0\0", 8)  = 8
324594 <... ppoll resumed>)             = 1 ([{fd=8, revents=POLLIN}], left {tv_sec=24, tv_nsec=997124120})
324596 ppoll([{fd=6, events=POLLIN}], 1, {tv_sec=0, tv_nsec=0}, NULL, 0 <unfinished ...>
324594 read(8,  <unfinished ...>
324596 <... ppoll resumed>)             = 0 (Timeout)
324594 <... read resumed>"\1\0\0\0\0\0\0\0", 16) = 8
324596 write(7, "\1\0\0\0\0\0\0\0", 8)  = 8
324594 futex(0xaaab05852770, FUTEX_WAIT_PRIVATE, 2, NULL <unfinished ...>
324596 futex(0xaaab05852770, FUTEX_WAKE_PRIVATE, 1 <unfinished ...>
324594 <... futex resumed>)             = -1 EAGAIN (Resource temporarily unavailable)
324596 <... futex resumed>)             = 0
324594 write(7, "\1\0\0\0\0\0\0\0", 8 <unfinished ...>
324596 futex(0xaaab05852770, FUTEX_WAIT_PRIVATE, 2, NULL <unfinished ...>
324594 <... write resumed>)             = 8
324594 futex(0xaaab05852770, FUTEX_WAKE_PRIVATE, 1 <unfinished ...>
324596 <... futex resumed>)             = 0
324594 <... futex resumed>)             = 1
324596 futex(0xaaab05852770, FUTEX_WAKE_PRIVATE, 1 <unfinished ...>
324594 ppoll([{fd=8, events=POLLIN}], 1, {tv_sec=25, tv_nsec=0}, NULL, 0 <unfinished ...>
324596 <... futex resumed>)             = 0
324596 ppoll([{fd=6, events=POLLIN}, {fd=7, events=POLLIN}], 2, {tv_sec=0, tv_nsec=0}, NULL, 0) = 1 ([{fd=7, revents=POLLIN}], left {tv_sec=0, tv_nsec=0})
324596 read(7, "\2\0\0\0\0\0\0\0", 16)  = 8
324596 sendmsg(6, {msg_name=NULL, msg_namelen=0, msg_iov=[{iov_base="l\1\0\1)\0\0\0\7\0\0\0\177\0\0\0\1\1o\0%\0\0\0/org/fre"..., iov_len=185}], msg_iovlen=1, msg_controllen=0, msg_flags=0}, MSG_NOSIGNAL) = 185
324596 ppoll([{fd=6, events=POLLIN}, {fd=7, events=POLLIN}], 2, {tv_sec=0, tv_nsec=0}, NULL, 0) = 0 (Timeout)
324596 ppoll([{fd=6, events=POLLIN}, {fd=7, events=POLLIN}], 2, NULL, NULL, 0) = 1 ([{fd=6, revents=POLLIN}])
324596 write(7, "\1\0\0\0\0\0\0\0", 8)  = 8
324596 recvmsg(6, {msg_name=NULL, msg_namelen=0, msg_iov=[{iov_base="l\2\1\1l\0\0\0\340\3\0\0005\0\0\0", iov_len=16}], msg_iovlen=1, msg_controllen=0, msg_flags=MSG_CMSG_CLOEXEC}, MSG_CMSG_CLOEXEC) = 16
324596 ppoll([{fd=6, events=POLLIN}], 1, {tv_sec=0, tv_nsec=0}, NULL, 0) = 1 ([{fd=6, revents=POLLIN}], left {tv_sec=0, tv_nsec=0})
324596 recvmsg(6, {msg_name=NULL, msg_namelen=0, msg_iov=[{iov_base="\6\1s\0\6\0\0\0:1.716\0\0\10\1g\0\5a{sv}\0\0\0\0\0\0"..., iov_len=164}], msg_iovlen=1, msg_controllen=0, msg_flags=MSG_CMSG_CLOEXEC}, MSG_CMSG_CLOEXEC) = 164
324596 write(7, "\1\0\0\0\0\0\0\0", 8)  = 8
324596 write(7, "\1\0\0\0\0\0\0\0", 8)  = 8
324596 ppoll([{fd=7, events=POLLIN}], 1, {tv_sec=0, tv_nsec=0}, NULL, 0) = 1 ([{fd=7, revents=POLLIN}], left {tv_sec=0, tv_nsec=0})
324596 read(7, "\3\0\0\0\0\0\0\0", 16)  = 8
324596 write(8, "\1\0\0\0\0\0\0\0", 8)  = 8
324596 ppoll([{fd=6, events=POLLIN}], 1, {tv_sec=0, tv_nsec=0}, NULL, 0 <unfinished ...>
324594 <... ppoll resumed>)             = 1 ([{fd=8, revents=POLLIN}], left {tv_sec=24, tv_nsec=996595648})
324596 <... ppoll resumed>)             = 0 (Timeout)
324594 read(8,  <unfinished ...>
324596 write(7, "\1\0\0\0\0\0\0\0", 8 <unfinished ...>
324594 <... read resumed>"\1\0\0\0\0\0\0\0", 16) = 8
324596 <... write resumed>)             = 8
324594 write(8, "\1\0\0\0\0\0\0\0", 8 <unfinished ...>
324596 ppoll([{fd=6, events=POLLIN}, {fd=7, events=POLLIN}], 2, NULL, NULL, 0 <unfinished ...>
324594 <... write resumed>)             = 8
324596 <... ppoll resumed>)             = 1 ([{fd=7, revents=POLLIN}])
324594 futex(0xaaab058591d0, FUTEX_WAKE_PRIVATE, 2147483647 <unfinished ...>
324596 read(7,  <unfinished ...>
324594 <... futex resumed>)             = 0
324596 <... read resumed>"\1\0\0\0\0\0\0\0", 16) = 8
324596 ppoll([{fd=6, events=POLLIN}, {fd=7, events=POLLIN}], 2, NULL, NULL, 0 <unfinished ...>
324594 close(8)                         = 0
324594 futex(0xffff9a3b8f20, FUTEX_WAKE_PRIVATE, 2147483647) = 0
324594 futex(0xffff9a3b8f20, FUTEX_WAKE_PRIVATE, 2147483647) = 0
324594 openat(AT_FDCWD, "/dev/tty", O_RDWR) = 8
324594 mmap(NULL, 8454144, PROT_NONE, MAP_PRIVATE|MAP_ANONYMOUS|MAP_STACK, -1, 0) = 0xffff980d0000
324594 mprotect(0xffff980e0000, 8388608, PROT_READ|PROT_WRITE) = 0
324594 rt_sigprocmask(SIG_BLOCK, ~[], [], 8) = 0
324594 clone(child_stack=0xffff988de7e0, flags=CLONE_VM|CLONE_FS|CLONE_FILES|CLONE_SIGHAND|CLONE_THREAD|CLONE_SYSVSEM|CLONE_SETTLS|CLONE_PARENT_SETTID|CLONE_CHILD_CLEARTID <unfinished ...>
324597 rseq(0xffff988df740, 0x20, 0, 0xd428bc00 <unfinished ...>
324594 <... clone resumed>, parent_tid=[324597], tls=0xffff988df760, child_tidptr=0xffff988df070) = 324597
324597 <... rseq resumed>)              = 0
324594 rt_sigprocmask(SIG_SETMASK, [],  <unfinished ...>
324597 set_robust_list(0xffff988df080, 24 <unfinished ...>
324594 <... rt_sigprocmask resumed>NULL, 8) = 0
324597 <... set_robust_list resumed>)   = 0
324594 sched_yield( <unfinished ...>
324597 rt_sigprocmask(SIG_SETMASK, [],  <unfinished ...>
324594 <... sched_yield resumed>)       = 0
324597 <... rt_sigprocmask resumed>NULL, 8) = 0
324594 sched_yield( <unfinished ...>
324597 mmap(0xffff90000000, 67108864, PROT_NONE, MAP_PRIVATE|MAP_ANONYMOUS|MAP_NORESERVE, -1, 0 <unfinished ...>
324594 <... sched_yield resumed>)       = 0
324597 <... mmap resumed>)              = 0xffff90000000
324594 sched_yield( <unfinished ...>
324597 mprotect(0xffff90000000, 135168, PROT_READ|PROT_WRITE <unfinished ...>
324594 <... sched_yield resumed>)       = 0
324597 <... mprotect resumed>)          = 0
324594 sched_yield( <unfinished ...>
324597 eventfd2(0, EFD_CLOEXEC|EFD_NONBLOCK <unfinished ...>
324594 <... sched_yield resumed>)       = 0
324597 <... eventfd2 resumed>)          = 9
324594 sched_yield( <unfinished ...>
324597 write(9, "\1\0\0\0\0\0\0\0", 8 <unfinished ...>
324594 <... sched_yield resumed>)       = 0
324597 <... write resumed>)             = 8
324594 sched_yield( <unfinished ...>
324597 ppoll([{fd=9, events=POLLIN}], 1, NULL, NULL, 0 <unfinished ...>
324594 <... sched_yield resumed>)       = 0
324594 eventfd2(0, EFD_CLOEXEC|EFD_NONBLOCK <unfinished ...>
324597 <... ppoll resumed>)             = 1 ([{fd=9, revents=POLLIN}])
324594 <... eventfd2 resumed>)          = 10
324597 read(9,  <unfinished ...>
324594 write(10, "\1\0\0\0\0\0\0\0", 8 <unfinished ...>
324597 <... read resumed>"\1\0\0\0\0\0\0\0", 16) = 8
324594 <... write resumed>)             = 8
324597 ppoll([{fd=9, events=POLLIN}], 1, NULL, NULL, 0 <unfinished ...>
324594 futex(0xffff9a3b8f20, FUTEX_WAKE_PRIVATE, 2147483647) = 0
324594 write(7, "\1\0\0\0\0\0\0\0", 8)  = 8
324596 <... ppoll resumed>)             = 1 ([{fd=7, revents=POLLIN}])
324594 ppoll([{fd=10, events=POLLIN}], 1, {tv_sec=25, tv_nsec=0}, NULL, 0 <unfinished ...>
324596 read(7,  <unfinished ...>
324594 <... ppoll resumed>)             = 1 ([{fd=10, revents=POLLIN}], left {tv_sec=24, tv_nsec=999994407})
324596 <... read resumed>"\1\0\0\0\0\0\0\0", 16) = 8
324594 read(10,  <unfinished ...>
324596 sendmsg(6, {msg_name=NULL, msg_namelen=0, msg_iov=[{iov_base="l\1\0\1\264\0\0\0\10\0\0\0\267\0\0\0\1\1o\0%\0\0\0/org/fre"..., iov_len=380}], msg_iovlen=1, msg_controllen=0, msg_flags=0}, MSG_NOSIGNAL <unfinished ...>
324594 <... read resumed>"\1\0\0\0\0\0\0\0", 16) = 8
324596 <... sendmsg resumed>)           = 380
324594 ppoll([{fd=10, events=POLLIN}], 1, {tv_sec=25, tv_nsec=0}, NULL, 0 <unfinished ...>
324596 ppoll([{fd=6, events=POLLIN}, {fd=7, events=POLLIN}], 2, {tv_sec=0, tv_nsec=0}, NULL, 0) = 0 (Timeout)
324596 ppoll([{fd=6, events=POLLIN}, {fd=7, events=POLLIN}], 2, NULL, NULL, 0) = 1 ([{fd=6, revents=POLLIN}])
324596 write(7, "\1\0\0\0\0\0\0\0", 8)  = 8
324596 recvmsg(6, {msg_name=NULL, msg_namelen=0, msg_iov=[{iov_base="l\4\1\1\0\0\0\0\346\3\0\0}\0\0\0", iov_len=16}], msg_iovlen=1, msg_controllen=0, msg_flags=MSG_CMSG_CLOEXEC}, MSG_CMSG_CLOEXEC) = 16
324596 ppoll([{fd=6, events=POLLIN}], 1, {tv_sec=0, tv_nsec=0}, NULL, 0) = 1 ([{fd=6, revents=POLLIN}], left {tv_sec=0, tv_nsec=0})
324596 recvmsg(6, {msg_name=NULL, msg_namelen=0, msg_iov=[{iov_base="\1\1o\0%\0\0\0/org/freedesktop/PolicyK"..., iov_len=128}], msg_iovlen=1, msg_controllen=0, msg_flags=MSG_CMSG_CLOEXEC}, MSG_CMSG_CLOEXEC) = 128
324596 write(7, "\1\0\0\0\0\0\0\0", 8)  = 8
324596 write(7, "\1\0\0\0\0\0\0\0", 8)  = 8
324596 ppoll([{fd=7, events=POLLIN}], 1, {tv_sec=0, tv_nsec=0}, NULL, 0) = 1 ([{fd=7, revents=POLLIN}], left {tv_sec=0, tv_nsec=0})
324596 read(7, "\3\0\0\0\0\0\0\0", 16)  = 8
324596 ppoll([{fd=6, events=POLLIN}], 1, {tv_sec=0, tv_nsec=0}, NULL, 0) = 1 ([{fd=6, revents=POLLIN}], left {tv_sec=0, tv_nsec=0})
324596 recvmsg(6, {msg_name=NULL, msg_namelen=0, msg_iov=[{iov_base="l\2\1\1\0\0\0\0\347\3\0\0-\0\0\0", iov_len=16}], msg_iovlen=1, msg_controllen=0, msg_flags=MSG_CMSG_CLOEXEC}, MSG_CMSG_CLOEXEC) = 16
324596 ppoll([{fd=7, events=POLLIN}], 1, {tv_sec=0, tv_nsec=0}, NULL, 0) = 0 (Timeout)
324596 ppoll([{fd=6, events=POLLIN}], 1, {tv_sec=0, tv_nsec=0}, NULL, 0) = 1 ([{fd=6, revents=POLLIN}], left {tv_sec=0, tv_nsec=0})
324596 recvmsg(6, {msg_name=NULL, msg_namelen=0, msg_iov=[{iov_base="\6\1s\0\6\0\0\0:1.716\0\0\10\1g\0\0\0\0\0\5\1u\0\10\0\0\0"..., iov_len=48}], msg_iovlen=1, msg_controllen=0, msg_flags=MSG_CMSG_CLOEXEC}, MSG_CMSG_CLOEXEC) = 48
324596 ppoll([{fd=7, events=POLLIN}], 1, {tv_sec=0, tv_nsec=0}, NULL, 0) = 0 (Timeout)
324596 write(10, "\1\0\0\0\0\0\0\0", 8) = 8
324594 <... ppoll resumed>)             = 1 ([{fd=10, revents=POLLIN}], left {tv_sec=24, tv_nsec=991170253})
324596 ppoll([{fd=6, events=POLLIN}], 1, {tv_sec=0, tv_nsec=0}, NULL, 0 <unfinished ...>
324594 read(10, "\1\0\0\0\0\0\0\0", 16) = 8
324596 <... ppoll resumed>)             = 0 (Timeout)
324596 write(7, "\1\0\0\0\0\0\0\0", 8 <unfinished ...>
324594 write(10, "\1\0\0\0\0\0\0\0", 8 <unfinished ...>
324596 <... write resumed>)             = 8
324594 <... write resumed>)             = 8
324596 ppoll([{fd=6, events=POLLIN}, {fd=7, events=POLLIN}], 2, NULL, NULL, 0 <unfinished ...>
324594 futex(0xaaab0585b950, FUTEX_WAKE_PRIVATE, 2147483647 <unfinished ...>
324596 <... ppoll resumed>)             = 1 ([{fd=7, revents=POLLIN}])
324594 <... futex resumed>)             = 0
324596 read(7,  <unfinished ...>
324594 close(10 <unfinished ...>
324596 <... read resumed>"\1\0\0\0\0\0\0\0", 16) = 8
324594 <... close resumed>)             = 0
324596 ppoll([{fd=6, events=POLLIN}, {fd=7, events=POLLIN}], 2, NULL, NULL, 0 <unfinished ...>
324594 close(5)                         = 0
324589 <... ppoll resumed>)             = 1 ([{fd=4, revents=POLLHUP}])
324594 openat(AT_FDCWD, "/dev/tty", O_RDWR <unfinished ...>
324589 close(4 <unfinished ...>
324594 <... openat resumed>)            = 5
324589 <... close resumed>)             = 0
324594 ioctl(5, TCGETS, {B38400 opost isig icanon echo ...}) = 0
324589 getrandom( <unfinished ...>
324594 rt_sigaction(SIGTERM, {sa_handler=0xaaaadd440090, sa_mask=[], sa_flags=0},  <unfinished ...>
324589 <... getrandom resumed>"\xd3\x46\xb6\x16\x19\x4b\xe4\xfe\xf1\x16\xfb\x15\x4b\xdf\xc6\x9d", 16, GRND_NONBLOCK) = 16
324594 <... rt_sigaction resumed>{sa_handler=SIG_DFL, sa_mask=[], sa_flags=0}, 8) = 0
324594 rt_sigaction(SIGINT, {sa_handler=0xaaaadd440090, sa_mask=[], sa_flags=0},  <unfinished ...>
324589 recvmsg(3,  <unfinished ...>
324594 <... rt_sigaction resumed>{sa_handler=SIG_DFL, sa_mask=[], sa_flags=0}, 8) = 0
324589 <... recvmsg resumed>{msg_name=NULL, msg_namelen=0, msg_iov=[{iov_base="DATA\r\nOK 50e2bf1f63f567f7a1f6a4b"..., iov_len=256}], msg_iovlen=1, msg_controllen=0, msg_flags=MSG_CMSG_CLOEXEC}, MSG_DONTWAIT|MSG_CMSG_CLOEXEC) = 58
324594 rt_sigaction(SIGTSTP, {sa_handler=0xaaaadd440090, sa_mask=[], sa_flags=0},  <unfinished ...>
324589 sendmsg(3, {msg_name=NULL, msg_namelen=0, msg_iov=[{iov_base="l\1\0\1\0\0\0\0\1\0\0\0m\0\0\0\1\1o\0\25\0\0\0/org/fre"..., iov_len=128}], msg_iovlen=1, msg_controllen=0, msg_flags=0}, MSG_DONTWAIT|MSG_NOSIGNAL <unfinished ...>
324594 <... rt_sigaction resumed>{sa_handler=SIG_DFL, sa_mask=[], sa_flags=0}, 8) = 0
324594 ppoll([{fd=4, events=POLLIN}], 1, {tv_sec=0, tv_nsec=0}, NULL, 0) = 1 ([{fd=4, revents=POLLIN}], left {tv_sec=0, tv_nsec=0})
324594 read(4, "\1\0\0\0\0\0\0\0", 16)  = 8
324594 ppoll([{fd=4, events=POLLIN}], 1, NULL, NULL, 0 <unfinished ...>
324589 <... sendmsg resumed>)           = 128
324589 sendmsg(3, {msg_name=NULL, msg_namelen=0, msg_iov=[{iov_base="l\1\4\1\226\0\0\0\2\0\0\0\177\0\0\0\1\1o\0\25\0\0\0/org/fre"..., iov_len=144}, {iov_base="\221\0\0\0type='signal',sender='org.fr"..., iov_len=150}], msg_iovlen=2, msg_controllen=0, msg_flags=0}, MSG_DONTWAIT|MSG_NOSIGNAL) = 294
324589 recvmsg(3, {msg_name=NULL, msg_namelen=0, msg_iov=[{iov_base="l\2\1\1\v\0\0\0\1\0\0\0=\0\0\0\6\1s\0\6\0\0\0", iov_len=24}], msg_iovlen=1, msg_controllen=0, msg_flags=MSG_CMSG_CLOEXEC}, MSG_DONTWAIT|MSG_CMSG_CLOEXEC) = 24
324589 recvmsg(3, {msg_name=NULL, msg_namelen=0, msg_iov=[{iov_base=":1.717\0\0\5\1u\0\1\0\0\0\10\1g\0\1s\0\0\7\1s\0\24\0\0\0"..., iov_len=67}], msg_iovlen=1, msg_controllen=0, msg_flags=MSG_CMSG_CLOEXEC}, MSG_DONTWAIT|MSG_CMSG_CLOEXEC) = 67
324589 sendmsg(3, {msg_name=NULL, msg_namelen=0, msg_iov=[{iov_base="l\1\4\1,\0\0\0\3\0\0\0\240\0\0\0\1\1o\0\31\0\0\0/org/fre"..., iov_len=176}, {iov_base="\31\0\0\0sakamichi-api-bff.service\0\0\0"..., iov_len=44}], msg_iovlen=2, msg_controllen=0, msg_flags=0}, MSG_DONTWAIT|MSG_NOSIGNAL) = 220
324589 recvmsg(3, {msg_name=NULL, msg_namelen=0, msg_iov=[{iov_base="l\4\1\1\v\0\0\0\2\0\0\0\215\0\0\0\1\1o\0\25\0\0\0", iov_len=24}], msg_iovlen=1, msg_controllen=0, msg_flags=MSG_CMSG_CLOEXEC}, MSG_DONTWAIT|MSG_CMSG_CLOEXEC) = 24
324589 recvmsg(3, {msg_name=NULL, msg_namelen=0, msg_iov=[{iov_base="/org/freedesktop/DBus\0\0\0\2\1s\0\24\0\0\0"..., iov_len=147}], msg_iovlen=1, msg_controllen=0, msg_flags=MSG_CMSG_CLOEXEC}, MSG_DONTWAIT|MSG_CMSG_CLOEXEC) = 147
324589 recvmsg(3, {msg_name=NULL, msg_namelen=0, msg_iov=[{iov_base="l\2\1\1\0\0\0\0\3\0\0\0005\0\0\0\6\1s\0\6\0\0\0", iov_len=24}], msg_iovlen=1, msg_controllen=0, msg_flags=MSG_CMSG_CLOEXEC}, MSG_DONTWAIT|MSG_CMSG_CLOEXEC) = 24
324589 recvmsg(3, {msg_name=NULL, msg_namelen=0, msg_iov=[{iov_base=":1.717\0\0\5\1u\0\2\0\0\0\7\1s\0\24\0\0\0org.free"..., iov_len=48}], msg_iovlen=1, msg_controllen=0, msg_flags=MSG_CMSG_CLOEXEC}, MSG_DONTWAIT|MSG_CMSG_CLOEXEC) = 48
324589 recvmsg(3, {msg_namelen=0}, MSG_DONTWAIT|MSG_CMSG_CLOEXEC) = -1 EAGAIN (Resource temporarily unavailable)
324589 ppoll([{fd=3, events=POLLIN}], 1, {tv_sec=24, tv_nsec=997269000}, NULL, 8 <unfinished ...>
324596 <... ppoll resumed>)             = 1 ([{fd=6, revents=POLLIN}])
324596 write(7, "\1\0\0\0\0\0\0\0", 8)  = 8
324596 recvmsg(6, {msg_name=NULL, msg_namelen=0, msg_iov=[{iov_base="l\1\0\1@\1\0\0\0\4\0\0\305\0\0\0", iov_len=16}], msg_iovlen=1, msg_controllen=0, msg_flags=MSG_CMSG_CLOEXEC}, MSG_CMSG_CLOEXEC) = 16
324596 ppoll([{fd=6, events=POLLIN}], 1, {tv_sec=0, tv_nsec=0}, NULL, 0) = 1 ([{fd=6, revents=POLLIN}], left {tv_sec=0, tv_nsec=0})
324596 recvmsg(6, {msg_name=NULL, msg_namelen=0, msg_iov=[{iov_base="\1\1o\0/\0\0\0/org/freedesktop/PolicyK"..., iov_len=520}], msg_iovlen=1, msg_controllen=0, msg_flags=MSG_CMSG_CLOEXEC}, MSG_CMSG_CLOEXEC) = 520
324596 write(7, "\1\0\0\0\0\0\0\0", 8)  = 8
324596 write(7, "\1\0\0\0\0\0\0\0", 8)  = 8
324596 ppoll([{fd=7, events=POLLIN}], 1, {tv_sec=0, tv_nsec=0}, NULL, 0) = 1 ([{fd=7, revents=POLLIN}], left {tv_sec=0, tv_nsec=0})
324596 read(7, "\3\0\0\0\0\0\0\0", 16)  = 8
324596 futex(0xffff9a3b8f20, FUTEX_WAKE_PRIVATE, 2147483647) = 0
324596 write(9, "\1\0\0\0\0\0\0\0", 8 <unfinished ...>
324597 <... ppoll resumed>)             = 1 ([{fd=9, revents=POLLIN}])
324596 <... write resumed>)             = 8
324597 futex(0xffff90001c50, FUTEX_WAIT_PRIVATE, 2, NULL <unfinished ...>
324596 futex(0xffff90001c50, FUTEX_WAKE_PRIVATE, 1 <unfinished ...>
324597 <... futex resumed>)             = -1 EAGAIN (Resource temporarily unavailable)
324596 <... futex resumed>)             = 0
324597 read(9,  <unfinished ...>
324596 futex(0xffff90001c50, FUTEX_WAIT_PRIVATE, 2, NULL <unfinished ...>
324597 <... read resumed>"\1\0\0\0\0\0\0\0", 16) = 8
324597 futex(0xffff90001c50, FUTEX_WAKE_PRIVATE, 1) = 1
324596 <... futex resumed>)             = 0
324597 futex(0xaaab05848058, FUTEX_WAIT_PRIVATE, 2, NULL <unfinished ...>
324596 futex(0xffff90001c50, FUTEX_WAKE_PRIVATE, 1) = 0
324596 futex(0xaaab05848058, FUTEX_WAKE_PRIVATE, 1 <unfinished ...>
324597 <... futex resumed>)             = 0
324596 <... futex resumed>)             = 1
324597 futex(0xaaab05848058, FUTEX_WAKE_PRIVATE, 1 <unfinished ...>
324596 ppoll([{fd=6, events=POLLIN}], 1, {tv_sec=0, tv_nsec=0}, NULL, 0 <unfinished ...>
324597 <... futex resumed>)             = 0
324596 <... ppoll resumed>)             = 0 (Timeout)
324596 write(7, "\1\0\0\0\0\0\0\0", 8 <unfinished ...>
324597 futex(0xffff9a3b8f20, FUTEX_WAKE_PRIVATE, 2147483647 <unfinished ...>
324596 <... write resumed>)             = 8
324597 <... futex resumed>)             = 0
324596 ppoll([{fd=6, events=POLLIN}, {fd=7, events=POLLIN}], 2, NULL, NULL, 0 <unfinished ...>
324597 futex(0xffff9a3b8f20, FUTEX_WAKE_PRIVATE, 2147483647 <unfinished ...>
324596 <... ppoll resumed>)             = 1 ([{fd=7, revents=POLLIN}])
324597 <... futex resumed>)             = 0
324596 read(7,  <unfinished ...>
324597 futex(0xffff9a3b8f20, FUTEX_WAKE_PRIVATE, 2147483647 <unfinished ...>
324596 <... read resumed>"\1\0\0\0\0\0\0\0", 16) = 8
324597 <... futex resumed>)             = 0
324596 ppoll([{fd=6, events=POLLIN}, {fd=7, events=POLLIN}], 2, NULL, NULL, 0 <unfinished ...>
